 sensorFusion_block_cgxe

 Timestamp is 65107d97 (Sun Sep 24 14:19:03 2023)

 Preferred load address is 0000000180000000

 Start         Length     Name                   Class
 0001:00000000 0000c4c0H .text$mn                CODE
 0001:0000c4c0 00000036H .text$mn$00             CODE
 0001:0000c4f6 00000092H .text$x                 CODE
 0002:00000000 000002a0H .idata$5                DATA
 0002:000002a0 00000028H .00cfg                  DATA
 0002:000002c8 00000008H .CRT$XCA                DATA
 0002:000002d0 00000008H .CRT$XCZ                DATA
 0002:000002d8 00000008H .CRT$XIA                DATA
 0002:000002e0 00000008H .CRT$XIZ                DATA
 0002:000002e8 00000008H .CRT$XPA                DATA
 0002:000002f0 00000008H .CRT$XPZ                DATA
 0002:000002f8 00000008H .CRT$XTA                DATA
 0002:00000300 00000010H .CRT$XTZ                DATA
 0002:00000308 00000000H .gehcont$y              DATA
 0002:00000308 00000000H .gfids$y                DATA
 0002:00000310 00002470H .rdata                  DATA
 0002:00002780 00000008H .rdata$CastGuardVftablesA DATA
 0002:00002788 00000008H .rdata$CastGuardVftablesC DATA
 0002:00002790 000000a8H .rdata$voltmd           DATA
 0002:00002838 00000278H .rdata$zzzdbg           DATA
 0002:00002ab0 00000008H .rtc$IAA                DATA
 0002:00002ab8 00000008H .rtc$IZZ                DATA
 0002:00002ac0 00000008H .rtc$TAA                DATA
 0002:00002ac8 00000008H .rtc$TZZ                DATA
 0002:00002ad0 00000740H .xdata                  DATA
 0002:00003210 00000084H .edata                  DATA
 0002:00003294 000000c8H .idata$2                DATA
 0002:0000335c 00000014H .idata$3                DATA
 0002:00003370 000002a0H .idata$4                DATA
 0002:00003610 0000072cH .idata$6                DATA
 0003:00000000 00000080H .data                   DATA
 0003:00000080 00000610H .bss                    DATA
 0004:00000000 00000870H .pdata                  DATA

  Address         Publics by Value              Rva+Base               Lib:Object

 0000:00000000       __AbsoluteZero             0000000000000000     <absolute>
 0000:00000000       __x64_code_ranges_to_entry_points 0000000000000000     <absolute>
 0000:00000000       __arm64x_redirection_metadata 0000000000000000     <absolute>
 0000:00000000       __hybrid_auxiliary_iat_copy 0000000000000000     <absolute>
 0000:00000000       ___safe_se_handler_table   0000000000000000     <absolute>
 0000:00000000       __hybrid_auxiliary_iat     0000000000000000     <absolute>
 0000:00000000       __guard_fids_table         0000000000000000     <absolute>
 0000:00000000       ___safe_se_handler_count   0000000000000000     <absolute>
 0000:00000000       __hybrid_code_map_count    0000000000000000     <absolute>
 0000:00000000       __guard_iat_table          0000000000000000     <absolute>
 0000:00000000       __guard_longjmp_table      0000000000000000     <absolute>
 0000:00000000       __arm64x_extra_rfe_table_size 0000000000000000     <absolute>
 0000:00000000       __hybrid_code_map          0000000000000000     <absolute>
 0000:00000000       __dynamic_value_reloc_table 0000000000000000     <absolute>
 0000:00000000       __guard_eh_cont_count      0000000000000000     <absolute>
 0000:00000000       __x64_code_ranges_to_entry_points_count 0000000000000000     <absolute>
 0000:00000000       __guard_longjmp_count      0000000000000000     <absolute>
 0000:00000000       __arm64x_native_entrypoint 0000000000000000     <absolute>
 0000:00000000       __guard_check_icall_a64n_fptr 0000000000000000     <absolute>
 0000:00000000       __guard_fids_count         0000000000000000     <absolute>
 0000:00000000       __guard_eh_cont_table      0000000000000000     <absolute>
 0000:00000000       __arm64x_redirection_metadata_count 0000000000000000     <absolute>
 0000:00000000       __arm64x_extra_rfe_table   0000000000000000     <absolute>
 0000:00000000       __guard_iat_count          0000000000000000     <absolute>
 0000:00000000       __enclave_config           0000000000000000     <absolute>
 0000:00000100       __guard_flags              0000000000000100     <absolute>
 0000:00000000       __ImageBase                0000000180000000     <linker-defined>
 0001:00000000       mexfilerequiredapiversion  0000000180001000 f   c_mexapi_version.obj
 0001:00000030       ?cgxe_sensorFusion_block_method_dispatcher@@YAIPEAUSimStruct_tag@@HPEAX@Z 0000000180001030 f   sensorFusion_block_cgxe.obj
 0001:000000d0       ?method_dispatcher_ykRtzkq0GdAszoujIhoJ2B@@YAXPEAUSimStruct_tag@@HPEAX@Z 00000001800010d0 f   m_ykRtzkq0GdAszoujIhoJ2B.obj
 0001:00001430       ?cgxe_ykRtzkq0GdAszoujIhoJ2B_BuildInfoUpdate@@YAPEAUmxArray_tag@@XZ 0000000180002430 f   m_ykRtzkq0GdAszoujIhoJ2B.obj
 0001:000014f0       ?cgxe_ykRtzkq0GdAszoujIhoJ2B_fallback_info@@YAPEAUmxArray_tag@@XZ 00000001800024f0 f   m_ykRtzkq0GdAszoujIhoJ2B.obj
 0001:00001590       mexFunction                0000000180002590 f   sensorFusion_block_cgxe_registry.obj
 0001:00003400       _ssSetInputPortDirectFeedThroughFcn 0000000180004400 f   sensorFusion_block_cgxe_registry.obj
 0001:00003580       _ssSetRWorkValueFcn        0000000180004580 f   sensorFusion_block_cgxe_registry.obj
 0001:00003600       _ssGetRWorkValueFcn        0000000180004600 f   sensorFusion_block_cgxe_registry.obj
 0001:00003670       _ssSetIWorkValueFcn        0000000180004670 f   sensorFusion_block_cgxe_registry.obj
 0001:000036f0       _ssGetIWorkValueFcn        00000001800046f0 f   sensorFusion_block_cgxe_registry.obj
 0001:00003760       _ssSetPWorkValueFcn        0000000180004760 f   sensorFusion_block_cgxe_registry.obj
 0001:000037e0       _ssGetPWorkValueFcn        00000001800047e0 f   sensorFusion_block_cgxe_registry.obj
 0001:00003850       _ssGetInputPortSignalFcn   0000000180004850 f   sensorFusion_block_cgxe_registry.obj
 0001:00003c00       _ssGetInputPortBufferDstPortFcn 0000000180004c00 f   sensorFusion_block_cgxe_registry.obj
 0001:00003c80       _ssGetInputPortSignalPtrsFcn 0000000180004c80 f   sensorFusion_block_cgxe_registry.obj
 0001:00004030       ssGetParameterTuningCompliance 0000000180005030 f   sensorFusion_block_cgxe_registry.obj
 0001:000040a0       _ssReadInputStringFcn      00000001800050a0 f   sensorFusion_block_cgxe_registry.obj
 0001:00004110       ssGetDTypeIdFromMxArray    0000000180005110 f   sensorFusion_block_cgxe_registry.obj
 0001:00004230       ssWriteRTWMx2dMatParam     0000000180005230 f   sensorFusion_block_cgxe_registry.obj
 0001:000042c0       ssWriteRTWMxVectParam      00000001800052c0 f   sensorFusion_block_cgxe_registry.obj
 0001:00004340       ssWriteRTWParameters       0000000180005340 f   sensorFusion_block_cgxe_registry.obj
 0001:00004e40       ssWriteRTWParamSettings    0000000180005e40 f   sensorFusion_block_cgxe_registry.obj
 0001:00005b80       ssWriteRTWStr              0000000180006b80 f   sensorFusion_block_cgxe_registry.obj
 0001:00005be0       ssWriteRTWWorkVect         0000000180006be0 f   sensorFusion_block_cgxe_registry.obj
 0001:000061d0       ssWarning                  00000001800071d0 f   sensorFusion_block_cgxe_registry.obj
 0001:000062c0       ssWriteRTWNameValuePair    00000001800072c0 f   sensorFusion_block_cgxe_registry.obj
 0001:00006a40       _ssSetInputPortMatrixDimensions 0000000180007a40 f   sensorFusion_block_cgxe_registry.obj
 0001:00006b90       _ssSetOutputPortMatrixDimensions 0000000180007b90 f   sensorFusion_block_cgxe_registry.obj
 0001:00006ce0       _ssSetInputPortVectorDimension 0000000180007ce0 f   sensorFusion_block_cgxe_registry.obj
 0001:00006d90       _ssSetOutputPortVectorDimension 0000000180007d90 f   sensorFusion_block_cgxe_registry.obj
 0001:00006e40       ssIsRunTimeParamTunable    0000000180007e40 f   sensorFusion_block_cgxe_registry.obj
 0001:00006eb0       ssGetSFuncBlockHandle      0000000180007eb0 f   sensorFusion_block_cgxe_registry.obj
 0001:00006f20       _ssGetCallSystemNumFcnCallDestinations 0000000180007f20 f   sensorFusion_block_cgxe_registry.obj
 0001:00006f90       _ssGetCurrentInputPortWidth 0000000180007f90 f   sensorFusion_block_cgxe_registry.obj
 0001:000070d0       _ssGetCurrentOutputPortWidth 00000001800080d0 f   sensorFusion_block_cgxe_registry.obj
 0001:00007210       ssGetIsZeroCrossControlDisabled 0000000180008210 f   sensorFusion_block_cgxe_registry.obj
 0001:00007280       ssSetIsInputPortUsedForContZcSignal 0000000180008280 f   sensorFusion_block_cgxe_registry.obj
 0001:000072f0       ssSetZcSignalIsZcElementDisc 00000001800082f0 f   sensorFusion_block_cgxe_registry.obj
 0001:000073a0       ssSetZcSignalName          00000001800083a0 f   sensorFusion_block_cgxe_registry.obj
 0001:00007410       ssSetZcSignalWidth         0000000180008410 f   sensorFusion_block_cgxe_registry.obj
 0001:00007480       ssSetZcSignalZcEventType   0000000180008480 f   sensorFusion_block_cgxe_registry.obj
 0001:000074f0       ssSetZcSignalType          00000001800084f0 f   sensorFusion_block_cgxe_registry.obj
 0001:00007560       ssSetZcSignalZcTol         0000000180008560 f   sensorFusion_block_cgxe_registry.obj
 0001:000075d0       ssSetZcSignalNeedsEventNotification 00000001800085d0 f   sensorFusion_block_cgxe_registry.obj
 0001:00007640       ssCreateAndAddZcSignalInfo 0000000180008640 f   sensorFusion_block_cgxe_registry.obj
 0001:000076b0       ssCloneAndAddZcSignalInfo  00000001800086b0 f   sensorFusion_block_cgxe_registry.obj
 0001:00007720       ssGetNumZcSignals          0000000180008720 f   sensorFusion_block_cgxe_registry.obj
 0001:00007790       ssGetZcSignalVector        0000000180008790 f   sensorFusion_block_cgxe_registry.obj
 0001:00007800       ssGetZcSignalName          0000000180008800 f   sensorFusion_block_cgxe_registry.obj
 0001:00007870       ssGetZcSignalWidth         0000000180008870 f   sensorFusion_block_cgxe_registry.obj
 0001:000078e0       ssGetZcSignalZcEventType   00000001800088e0 f   sensorFusion_block_cgxe_registry.obj
 0001:00007950       ssGetZcSignalZcEvents      0000000180008950 f   sensorFusion_block_cgxe_registry.obj
 0001:000079c0       ssGetZcSignalType          00000001800089c0 f   sensorFusion_block_cgxe_registry.obj
 0001:00007a30       ssGetZcSignalZcTol         0000000180008a30 f   sensorFusion_block_cgxe_registry.obj
 0001:00007ab0       ssGetZcSignalNeedsEventNotification 0000000180008ab0 f   sensorFusion_block_cgxe_registry.obj
 0001:00007b20       ssGetZcSignalIsZcElementDisc 0000000180008b20 f   sensorFusion_block_cgxe_registry.obj
 0001:00007bc0       ssGetIsInputPortElementContinuous 0000000180008bc0 f   sensorFusion_block_cgxe_registry.obj
 0001:00007c60       _ssGetAbsTol               0000000180008c60 f   sensorFusion_block_cgxe_registry.obj
 0001:00007cd0       _ssSetStateAbsTol          0000000180008cd0 f   sensorFusion_block_cgxe_registry.obj
 0001:00007db0       _ssSetInputPortReusableFcn 0000000180008db0 f   sensorFusion_block_cgxe_registry.obj
 0001:00007ec0       _ssSetOutputPortReusableFcn 0000000180008ec0 f   sensorFusion_block_cgxe_registry.obj
 0001:00007fd0       _ssSetSymbolicDimsSupport  0000000180008fd0 f   sensorFusion_block_cgxe_registry.obj
 0001:00008040       _ssRegisterSymbolicDimsExpr 0000000180009040 f   sensorFusion_block_cgxe_registry.obj
 0001:000080c0       _ssRegisterSymbolicDimsMATLABExpr 00000001800090c0 f   sensorFusion_block_cgxe_registry.obj
 0001:00008160       _ssRegisterSymbolicDims    0000000180009160 f   sensorFusion_block_cgxe_registry.obj
 0001:00008200       _ssRegisterSymbolicDimsString 0000000180009200 f   sensorFusion_block_cgxe_registry.obj
 0001:00008280       _ssRegisterSymbolicDimsIntValue 0000000180009280 f   sensorFusion_block_cgxe_registry.obj
 0001:000082f0       _ssRegisterSymbolicEqualRelation 00000001800092f0 f   sensorFusion_block_cgxe_registry.obj
 0001:00008360       _ssRegisterSymbolicEqualValue 0000000180009360 f   sensorFusion_block_cgxe_registry.obj
 0001:000083d0       _ssAmendLeadingSymbolicDims 00000001800093d0 f   sensorFusion_block_cgxe_registry.obj
 0001:00008450       _ssAmendTrailingSymbolicDims 0000000180009450 f   sensorFusion_block_cgxe_registry.obj
 0001:000084d0       _ssRegisterSymbolicDimsPlus 00000001800094d0 f   sensorFusion_block_cgxe_registry.obj
 0001:00008550       _ssRegisterSymbolicDimsMinus 0000000180009550 f   sensorFusion_block_cgxe_registry.obj
 0001:000085d0       _ssRegisterSymbolicDimsMultiply 00000001800095d0 f   sensorFusion_block_cgxe_registry.obj
 0001:00008650       _ssRegisterSymbolicDimsDivide 0000000180009650 f   sensorFusion_block_cgxe_registry.obj
 0001:000086d0       _ssGetNumSymbolicDims      00000001800096d0 f   sensorFusion_block_cgxe_registry.obj
 0001:00008740       _ssGetSymbolicDim          0000000180009740 f   sensorFusion_block_cgxe_registry.obj
 0001:000087c0       _ssSetInputPortSymbolicDimsId 00000001800097c0 f   sensorFusion_block_cgxe_registry.obj
 0001:00008830       _ssGetCompInputPortSymbolicDimsId 0000000180009830 f   sensorFusion_block_cgxe_registry.obj
 0001:000088a0       _ssSetCompInputPortSymbolicDimsId 00000001800098a0 f   sensorFusion_block_cgxe_registry.obj
 0001:00008910       _ssSetOutputPortSymbolicDimsId 0000000180009910 f   sensorFusion_block_cgxe_registry.obj
 0001:00008980       _ssGetCompOutputPortSymbolicDimsId 0000000180009980 f   sensorFusion_block_cgxe_registry.obj
 0001:000089f0       _ssSetCompOutputPortSymbolicDimsId 00000001800099f0 f   sensorFusion_block_cgxe_registry.obj
 0001:00008a60       _ssGetDWorkSymbolicDimsId  0000000180009a60 f   sensorFusion_block_cgxe_registry.obj
 0001:00008ad0       _ssSetDWorkSymbolicDimsId  0000000180009ad0 f   sensorFusion_block_cgxe_registry.obj
 0001:00008b40       _ssGetCompDWorkSymbolicDimsId 0000000180009b40 f   sensorFusion_block_cgxe_registry.obj
 0001:00008bb0       _ssSetCompDWorkSymbolicDimsId 0000000180009bb0 f   sensorFusion_block_cgxe_registry.obj
 0001:00008c20       _ssCreateSLCGStringBuffer  0000000180009c20 f   sensorFusion_block_cgxe_registry.obj
 0001:00008c90       _ssAddToSLCGStringBuffer   0000000180009c90 f   sensorFusion_block_cgxe_registry.obj
 0001:00008d00       _ssGetPointerContainedData 0000000180009d00 f   sensorFusion_block_cgxe_registry.obj
 0001:00008d90       _ssGetPointerContainedDataWidth 0000000180009d90 f   sensorFusion_block_cgxe_registry.obj
 0001:00008e20       _ssRegisterDynamicArrayDataTypeFcn 0000000180009e20 f   sensorFusion_block_cgxe_registry.obj
 0001:00008ec0       _ssGetDynamicArrayContainedDataCurrentWidthFcn 0000000180009ec0 f   sensorFusion_block_cgxe_registry.obj
 0001:00008f90       _ssGetDynamicArrayContainedDataFcn 0000000180009f90 f   sensorFusion_block_cgxe_registry.obj
 0001:00009060       _ssGetInputPortDynamicArrayDataFcn 000000018000a060 f   sensorFusion_block_cgxe_registry.obj
 0001:00009120       _ssGetOutputPortDynamicArrayDataFcn 000000018000a120 f   sensorFusion_block_cgxe_registry.obj
 0001:000091e0       _ssGetInputPortDynamicArrayContainedDataFcn 000000018000a1e0 f   sensorFusion_block_cgxe_registry.obj
 0001:000092a0       _ssGetOutputPortDynamicArrayContainedDataFcn 000000018000a2a0 f   sensorFusion_block_cgxe_registry.obj
 0001:0000adc0       __local_stdio_printf_options 000000018000bdc0 f i sensorFusion_block_cgxe_registry.obj
 0001:0000add0       _vsnprintf_l               000000018000bdd0 f i sensorFusion_block_cgxe_registry.obj
 0001:0000ae50       _vsprintf_l                000000018000be50 f i sensorFusion_block_cgxe_registry.obj
 0001:0000aea0       sprintf                    000000018000bea0 f i sensorFusion_block_cgxe_registry.obj
 0001:0000aeef       mxGetPr_800                000000018000beef f   libmx:libmx.dll
 0001:0000aef5       mxSetCell_800              000000018000bef5 f   libmx:libmx.dll
 0001:0000aefb       mxSetFieldByNumber_800     000000018000befb f   libmx:libmx.dll
 0001:0000af01       mxCreateDoubleMatrix_800   000000018000bf01 f   libmx:libmx.dll
 0001:0000af07       mxCreateString_800         000000018000bf07 f   libmx:libmx.dll
 0001:0000af0d       mxCreateCellMatrix_800     000000018000bf0d f   libmx:libmx.dll
 0001:0000af13       mxCreateStructMatrix_800   000000018000bf13 f   libmx:libmx.dll
 0001:0000af19       mxCalloc_800               000000018000bf19 f   libmx:libmx.dll
 0001:0000af1f       mxGetM_800                 000000018000bf1f f   libmx:libmx.dll
 0001:0000af25       mxGetClassID_800           000000018000bf25 f   libmx:libmx.dll
 0001:0000af2b       mxGetData_800              000000018000bf2b f   libmx:libmx.dll
 0001:0000af31       mxIsNumeric_800            000000018000bf31 f   libmx:libmx.dll
 0001:0000af37       mxIsChar_800               000000018000bf37 f   libmx:libmx.dll
 0001:0000af3d       mxIsComplex_800            000000018000bf3d f   libmx:libmx.dll
 0001:0000af43       mxGetN_800                 000000018000bf43 f   libmx:libmx.dll
 0001:0000af49       mxSetField_800             000000018000bf49 f   libmx:libmx.dll
 0001:0000af4f       mxCreateNumericMatrix_800  000000018000bf4f f   libmx:libmx.dll
 0001:0000af55       mxCreateDoubleScalar_800   000000018000bf55 f   libmx:libmx.dll
 0001:0000af5b       mxGetString_800            000000018000bf5b f   libmx:libmx.dll
 0001:0000af61       mexWarnMsgTxt_800          000000018000bf61 f   libmex:libmex.dll
 0001:0000af67       mexPrintf_800              000000018000bf67 f   libmex:libmex.dll
 0001:0000af6d       mexCallMATLAB_800          000000018000bf6d f   libmex:libmex.dll
 0001:0000af73       mexUnlock_800              000000018000bf73 f   libmex:libmex.dll
 0001:0000af79       mexIsLocked_800            000000018000bf79 f   libmex:libmex.dll
 0001:0000af7f       cgxertGetInputPortSignal   000000018000bf7f f   libmwcgxert:libmwcgxert.dll
 0001:0000af85       cgxertGetOutputPortSignal  000000018000bf85 f   libmwcgxert:libmwcgxert.dll
 0001:0000af8b       cgxertSetSimStateCompliance 000000018000bf8b f   libmwcgxert:libmwcgxert.dll
 0001:0000af91       cgxertGetRuntimeInstance   000000018000bf91 f   libmwcgxert:libmwcgxert.dll
 0001:0000af97       cgxertSetRuntimeInstance   000000018000bf97 f   libmwcgxert:libmwcgxert.dll
 0001:0000af9d       cgxertGetEMLRTCtx          000000018000bf9d f   libmwcgxert:libmwcgxert.dll
 0001:0000afa3       get_twoKi_addr_UUHv1SNmCc7CQ4dPO46XC 000000018000bfa3 f   UUHv1SNmCc7CQ4dPO46XC_cclib:UUHv1SNmCc7CQ4dPO46XC_cclib.dll
 0001:0000afa9       get_twoKp_addr_UUHv1SNmCc7CQ4dPO46XC 000000018000bfa9 f   UUHv1SNmCc7CQ4dPO46XC_cclib:UUHv1SNmCc7CQ4dPO46XC_cclib.dll
 0001:0000afaf       SF_GenerateNewResult_UUHv1SNmCc7CQ4dPO46XC 000000018000bfaf f   UUHv1SNmCc7CQ4dPO46XC_cclib:UUHv1SNmCc7CQ4dPO46XC_cclib.dll
 0001:0000afb8       __GSHandlerCheck           000000018000bfb8 f   MSVCRT:gshandler.obj
 0001:0000afd8       __GSHandlerCheckCommon     000000018000bfd8 f   MSVCRT:gshandler.obj
 0001:0000b050       __security_check_cookie    000000018000c050 f   MSVCRT:amdsecgs.obj
 0001:0000b070       __raise_securityfailure    000000018000c070 f   MSVCRT:gs_report.obj
 0001:0000b0a4       __report_gsfailure         000000018000c0a4 f   MSVCRT:gs_report.obj
 0001:0000b178       __report_rangecheckfailure 000000018000c178 f   MSVCRT:gs_report.obj
 0001:0000b18c       __report_securityfailure   000000018000c18c f   MSVCRT:gs_report.obj
 0001:0000b228       __report_securityfailureEx 000000018000c228 f   MSVCRT:gs_report.obj
 0001:0000b758       _CRT_INIT                  000000018000c758 f   MSVCRT:dll_dllmain.obj
 0001:0000b760       _DllMainCRTStartup         000000018000c760 f   MSVCRT:dll_dllmain.obj
 0001:0000b80c       __security_init_cookie     000000018000c80c f   MSVCRT:gs_support.obj
 0001:0000b8b8       DllMain                    000000018000c8b8 f   MSVCRT:dll_dllmain_stub.obj
 0001:0000b8dc       ?__scrt_initialize_type_info@@YAXXZ 000000018000c8dc f   MSVCRT:tncleanup.obj
 0001:0000b8ec       ?__scrt_uninitialize_type_info@@YAXXZ 000000018000c8ec f   MSVCRT:tncleanup.obj
 0001:0000b8f8       __local_stdio_scanf_options 000000018000c8f8 f i MSVCRT:default_local_stdio_options.obj
 0001:0000b900       __scrt_initialize_default_local_stdio_options 000000018000c900 f   MSVCRT:default_local_stdio_options.obj
 0001:0000b91c       ?configure_argv@__scrt_narrow_argv_policy@@SAHXZ 000000018000c91c f i MSVCRT:utility.obj
 0001:0000b97c       ?initialize_environment@__scrt_narrow_environment_policy@@SAHXZ 000000018000c97c f i MSVCRT:utility.obj
 0001:0000b9b4       NtCurrentTeb               000000018000c9b4 f i MSVCRT:utility.obj
 0001:0000b9c0       __scrt_acquire_startup_lock 000000018000c9c0 f   MSVCRT:utility.obj
 0001:0000b9fc       __scrt_dllmain_after_initialize_c 000000018000c9fc f   MSVCRT:utility.obj
 0001:0000ba30       __scrt_dllmain_before_initialize_c 000000018000ca30 f   MSVCRT:utility.obj
 0001:0000ba48       __scrt_dllmain_crt_thread_attach 000000018000ca48 f   MSVCRT:utility.obj
 0001:0000ba70       __scrt_dllmain_crt_thread_detach 000000018000ca70 f   MSVCRT:utility.obj
 0001:0000ba88       __scrt_dllmain_exception_filter 000000018000ca88 f   MSVCRT:utility.obj
 0001:0000bae8       __scrt_dllmain_uninitialize_c 000000018000cae8 f   MSVCRT:utility.obj
 0001:0000bb18       __scrt_dllmain_uninitialize_critical 000000018000cb18 f   MSVCRT:utility.obj
 0001:0000bb2c       __scrt_initialize_crt      000000018000cb2c f   MSVCRT:utility.obj
 0001:0000bb78       __scrt_initialize_onexit_tables 000000018000cb78 f   MSVCRT:utility.obj
 0001:0000bc04       __scrt_is_nonwritable_in_current_image 000000018000cc04 f   MSVCRT:utility.obj
 0001:0000bc9c       __scrt_release_startup_lock 000000018000cc9c f   MSVCRT:utility.obj
 0001:0000bcc0       __scrt_uninitialize_crt    000000018000ccc0 f   MSVCRT:utility.obj
 0001:0000bcec       _onexit                    000000018000ccec f   MSVCRT:utility.obj
 0001:0000bd28       at_quick_exit              000000018000cd28 f   MSVCRT:utility.obj
 0001:0000bd48       atexit                     000000018000cd48 f   MSVCRT:utility.obj
 0001:0000bd60       __scrt_get_dyn_tls_init_callback 000000018000cd60 f   MSVCRT:dyn_tls_init.obj
 0001:0000bd68       __crt_debugger_hook        000000018000cd68 f   MSVCRT:utility_desktop.obj
 0001:0000bd70       __scrt_fastfail            000000018000cd70 f   MSVCRT:utility_desktop.obj
 0001:0000bebc       __scrt_get_show_window_mode 000000018000cebc f   MSVCRT:utility_desktop.obj
 0001:0000bef8       __scrt_initialize_mta      000000018000cef8 f   MSVCRT:utility_desktop.obj
 0001:0000bf00       __scrt_initialize_winrt    000000018000cf00 f   MSVCRT:utility_desktop.obj
 0001:0000bf04       __scrt_is_managed_app      000000018000cf04 f   MSVCRT:utility_desktop.obj
 0001:0000bf58       __scrt_set_unhandled_exception_filter 000000018000cf58 f   MSVCRT:utility_desktop.obj
 0001:0000bf68       __scrt_exe_initialize_mta  000000018000cf68 f   MSVCRT:utility_desktop.obj
 0001:0000bf68       __scrt_stub_for_initialize_mta 000000018000cf68 f   MSVCRT:utility_desktop.obj
 0001:0000bf6c       __scrt_unhandled_exception_filter 000000018000cf6c f   MSVCRT:utility_desktop.obj
 0001:0000bfc8       _RTC_Initialize            000000018000cfc8 f   MSVCRT:initsect.obj
 0001:0000c004       _RTC_Terminate             000000018000d004 f   MSVCRT:initsect.obj
 0001:0000c040       _guard_check_icall_nop     000000018000d040 f i MSVCRT:guard_support.obj
 0001:0000c044       ReadNoFence64              000000018000d044 f i MSVCRT:guard_support.obj
 0001:0000c048       ReadPointerNoFence         000000018000d048 f i MSVCRT:guard_support.obj
 0001:0000c04c       __castguard_check_failure_debugbreak 000000018000d04c f i MSVCRT:guard_support.obj
 0001:0000c068       __castguard_check_failure_fastfail 000000018000d068 f i MSVCRT:guard_support.obj
 0001:0000c08c       __castguard_check_failure_nop 000000018000d08c f i MSVCRT:guard_support.obj
 0001:0000c090       __castguard_check_failure_os_handled 000000018000d090 f i MSVCRT:guard_support.obj
 0001:0000c0f0       __castguard_slow_path_check_debugbreak 000000018000d0f0 f i MSVCRT:guard_support.obj
 0001:0000c124       __castguard_slow_path_check_fastfail 000000018000d124 f i MSVCRT:guard_support.obj
 0001:0000c160       __castguard_slow_path_check_nop 000000018000d160 f i MSVCRT:guard_support.obj
 0001:0000c164       __castguard_slow_path_check_os_handled 000000018000d164 f i MSVCRT:guard_support.obj
 0001:0000c1d8       _guard_icall_checks_enforced 000000018000d1d8 f i MSVCRT:guard_support.obj
 0001:0000c1f0       _guard_rf_checks_enforced  000000018000d1f0 f i MSVCRT:guard_support.obj
 0001:0000c1f4       __isa_available_init       000000018000d1f4 f   MSVCRT:cpu_disp.obj
 0001:0000c398       _get_startup_argv_mode     000000018000d398 f   MSVCRT:argv_mode.obj
 0001:0000c3a0       __scrt_is_ucrt_dll_in_use  000000018000d3a0 f   MSVCRT:ucrt_detection.obj
 0001:0000c3b0       RtlCaptureContext          000000018000d3b0 f   kernel32:KERNEL32.dll
 0001:0000c3b6       RtlLookupFunctionEntry     000000018000d3b6 f   kernel32:KERNEL32.dll
 0001:0000c3bc       RtlVirtualUnwind           000000018000d3bc f   kernel32:KERNEL32.dll
 0001:0000c3c2       UnhandledExceptionFilter   000000018000d3c2 f   kernel32:KERNEL32.dll
 0001:0000c3c8       SetUnhandledExceptionFilter 000000018000d3c8 f   kernel32:KERNEL32.dll
 0001:0000c3ce       GetCurrentProcess          000000018000d3ce f   kernel32:KERNEL32.dll
 0001:0000c3d4       TerminateProcess           000000018000d3d4 f   kernel32:KERNEL32.dll
 0001:0000c3da       IsProcessorFeaturePresent  000000018000d3da f   kernel32:KERNEL32.dll
 0001:0000c3e0       QueryPerformanceCounter    000000018000d3e0 f   kernel32:KERNEL32.dll
 0001:0000c3e6       GetCurrentProcessId        000000018000d3e6 f   kernel32:KERNEL32.dll
 0001:0000c3ec       GetCurrentThreadId         000000018000d3ec f   kernel32:KERNEL32.dll
 0001:0000c3f2       GetSystemTimeAsFileTime    000000018000d3f2 f   kernel32:KERNEL32.dll
 0001:0000c3f8       DisableThreadLibraryCalls  000000018000d3f8 f   kernel32:KERNEL32.dll
 0001:0000c3fe       InitializeSListHead        000000018000d3fe f   kernel32:KERNEL32.dll
 0001:0000c404       IsDebuggerPresent          000000018000d404 f   kernel32:KERNEL32.dll
 0001:0000c40a       GetStartupInfoW            000000018000d40a f   kernel32:KERNEL32.dll
 0001:0000c410       GetModuleHandleW           000000018000d410 f   kernel32:KERNEL32.dll
 0001:0000c416       memcpy                     000000018000d416 f   vcruntime:VCRUNTIME140.dll
 0001:0000c41c       __C_specific_handler       000000018000d41c f   vcruntime:VCRUNTIME140.dll
 0001:0000c422       __std_type_info_destroy_list 000000018000d422 f   vcruntime:VCRUNTIME140.dll
 0001:0000c428       __current_exception        000000018000d428 f   vcruntime:VCRUNTIME140.dll
 0001:0000c42e       __current_exception_context 000000018000d42e f   vcruntime:VCRUNTIME140.dll
 0001:0000c434       memset                     000000018000d434 f   vcruntime:VCRUNTIME140.dll
 0001:0000c43a       calloc                     000000018000d43a f   ucrt:api-ms-win-crt-heap-l1-1-0.dll
 0001:0000c440       free                       000000018000d440 f   ucrt:api-ms-win-crt-heap-l1-1-0.dll
 0001:0000c446       strcmp                     000000018000d446 f   ucrt:api-ms-win-crt-string-l1-1-0.dll
 0001:0000c44c       strlen                     000000018000d44c f   ucrt:api-ms-win-crt-string-l1-1-0.dll
 0001:0000c452       __stdio_common_vsprintf    000000018000d452 f   ucrt:api-ms-win-crt-stdio-l1-1-0.dll
 0001:0000c458       malloc                     000000018000d458 f   ucrt:api-ms-win-crt-heap-l1-1-0.dll
 0001:0000c45e       _initterm                  000000018000d45e f   ucrt:api-ms-win-crt-runtime-l1-1-0.dll
 0001:0000c464       _initterm_e                000000018000d464 f   ucrt:api-ms-win-crt-runtime-l1-1-0.dll
 0001:0000c46a       _seh_filter_dll            000000018000d46a f   ucrt:api-ms-win-crt-runtime-l1-1-0.dll
 0001:0000c470       _configure_narrow_argv     000000018000d470 f   ucrt:api-ms-win-crt-runtime-l1-1-0.dll
 0001:0000c476       _initialize_narrow_environment 000000018000d476 f   ucrt:api-ms-win-crt-runtime-l1-1-0.dll
 0001:0000c47c       _initialize_onexit_table   000000018000d47c f   ucrt:api-ms-win-crt-runtime-l1-1-0.dll
 0001:0000c482       _register_onexit_function  000000018000d482 f   ucrt:api-ms-win-crt-runtime-l1-1-0.dll
 0001:0000c488       _execute_onexit_table      000000018000d488 f   ucrt:api-ms-win-crt-runtime-l1-1-0.dll
 0001:0000c48e       _crt_atexit                000000018000d48e f   ucrt:api-ms-win-crt-runtime-l1-1-0.dll
 0001:0000c494       _crt_at_quick_exit         000000018000d494 f   ucrt:api-ms-win-crt-runtime-l1-1-0.dll
 0001:0000c49a       _cexit                     000000018000d49a f   ucrt:api-ms-win-crt-runtime-l1-1-0.dll
 0001:0000c4a0       terminate                  000000018000d4a0 f   ucrt:api-ms-win-crt-runtime-l1-1-0.dll
 0001:0000c4a8       __acrt_initialize          000000018000d4a8 f   MSVCRT:ucrt_stubs.obj
 0001:0000c4a8       __vcrt_initialize          000000018000d4a8 f   MSVCRT:ucrt_stubs.obj
 0001:0000c4a8       __scrt_stub_for_acrt_initialize 000000018000d4a8 f   MSVCRT:ucrt_stubs.obj
 0001:0000c4ac       __vcrt_thread_attach       000000018000d4ac f   MSVCRT:ucrt_stubs.obj
 0001:0000c4ac       __scrt_stub_for_acrt_thread_attach 000000018000d4ac f   MSVCRT:ucrt_stubs.obj
 0001:0000c4ac       __acrt_thread_attach       000000018000d4ac f   MSVCRT:ucrt_stubs.obj
 0001:0000c4b0       __acrt_thread_detach       000000018000d4b0 f   MSVCRT:ucrt_stubs.obj
 0001:0000c4b0       __vcrt_thread_detach       000000018000d4b0 f   MSVCRT:ucrt_stubs.obj
 0001:0000c4b0       __scrt_stub_for_acrt_thread_detach 000000018000d4b0 f   MSVCRT:ucrt_stubs.obj
 0001:0000c4b4       __acrt_uninitialize        000000018000d4b4 f   MSVCRT:ucrt_stubs.obj
 0001:0000c4b4       __vcrt_uninitialize        000000018000d4b4 f   MSVCRT:ucrt_stubs.obj
 0001:0000c4b4       __scrt_stub_for_acrt_uninitialize 000000018000d4b4 f   MSVCRT:ucrt_stubs.obj
 0001:0000c4b8       __acrt_uninitialize_critical 000000018000d4b8 f   MSVCRT:ucrt_stubs.obj
 0001:0000c4b8       __scrt_stub_for_acrt_uninitialize_critical 000000018000d4b8 f   MSVCRT:ucrt_stubs.obj
 0001:0000c4b8       __vcrt_uninitialize_critical 000000018000d4b8 f   MSVCRT:ucrt_stubs.obj
 0001:0000c4bc       __scrt_stub_for_is_c_termination_complete 000000018000d4bc f   MSVCRT:ucrt_stubs.obj
 0001:0000c4bc       _is_c_termination_complete 000000018000d4bc f   MSVCRT:ucrt_stubs.obj
 0001:0000c4d0       _guard_dispatch_icall_nop  000000018000d4d0 f   MSVCRT:guard_dispatch.obj
 0001:0000c4f0       _guard_xfg_dispatch_icall_nop 000000018000d4f0 f   MSVCRT:guard_xfg_dispatch.obj
 0002:00000000       __imp_GetCurrentProcess    000000018000e000     kernel32:KERNEL32.dll
 0002:00000008       __imp_IsProcessorFeaturePresent 000000018000e008     kernel32:KERNEL32.dll
 0002:00000010       __imp_TerminateProcess     000000018000e010     kernel32:KERNEL32.dll
 0002:00000018       __imp_SetUnhandledExceptionFilter 000000018000e018     kernel32:KERNEL32.dll
 0002:00000020       __imp_UnhandledExceptionFilter 000000018000e020     kernel32:KERNEL32.dll
 0002:00000028       __imp_RtlVirtualUnwind     000000018000e028     kernel32:KERNEL32.dll
 0002:00000030       __imp_RtlLookupFunctionEntry 000000018000e030     kernel32:KERNEL32.dll
 0002:00000038       __imp_RtlCaptureContext    000000018000e038     kernel32:KERNEL32.dll
 0002:00000040       __imp_GetCurrentProcessId  000000018000e040     kernel32:KERNEL32.dll
 0002:00000048       __imp_GetCurrentThreadId   000000018000e048     kernel32:KERNEL32.dll
 0002:00000050       __imp_GetSystemTimeAsFileTime 000000018000e050     kernel32:KERNEL32.dll
 0002:00000058       __imp_DisableThreadLibraryCalls 000000018000e058     kernel32:KERNEL32.dll
 0002:00000060       __imp_InitializeSListHead  000000018000e060     kernel32:KERNEL32.dll
 0002:00000068       __imp_IsDebuggerPresent    000000018000e068     kernel32:KERNEL32.dll
 0002:00000070       __imp_GetStartupInfoW      000000018000e070     kernel32:KERNEL32.dll
 0002:00000078       __imp_GetModuleHandleW     000000018000e078     kernel32:KERNEL32.dll
 0002:00000080       __imp_QueryPerformanceCounter 000000018000e080     kernel32:KERNEL32.dll
 0002:00000088       \177KERNEL32_NULL_THUNK_DATA 000000018000e088     kernel32:KERNEL32.dll
 0002:00000090       __imp_SF_GenerateNewResult_UUHv1SNmCc7CQ4dPO46XC 000000018000e090     UUHv1SNmCc7CQ4dPO46XC_cclib:UUHv1SNmCc7CQ4dPO46XC_cclib.dll
 0002:00000098       __imp_get_twoKi_addr_UUHv1SNmCc7CQ4dPO46XC 000000018000e098     UUHv1SNmCc7CQ4dPO46XC_cclib:UUHv1SNmCc7CQ4dPO46XC_cclib.dll
 0002:000000a0       __imp_get_twoKp_addr_UUHv1SNmCc7CQ4dPO46XC 000000018000e0a0     UUHv1SNmCc7CQ4dPO46XC_cclib:UUHv1SNmCc7CQ4dPO46XC_cclib.dll
 0002:000000a8       \177UUHv1SNmCc7CQ4dPO46XC_cclib_NULL_THUNK_DATA 000000018000e0a8     UUHv1SNmCc7CQ4dPO46XC_cclib:UUHv1SNmCc7CQ4dPO46XC_cclib.dll
 0002:000000b0       __imp___current_exception  000000018000e0b0     vcruntime:VCRUNTIME140.dll
 0002:000000b8       __imp___current_exception_context 000000018000e0b8     vcruntime:VCRUNTIME140.dll
 0002:000000c0       __imp_memset               000000018000e0c0     vcruntime:VCRUNTIME140.dll
 0002:000000c8       __imp___C_specific_handler 000000018000e0c8     vcruntime:VCRUNTIME140.dll
 0002:000000d0       __imp___std_type_info_destroy_list 000000018000e0d0     vcruntime:VCRUNTIME140.dll
 0002:000000d8       __imp_memcpy               000000018000e0d8     vcruntime:VCRUNTIME140.dll
 0002:000000e0       \177VCRUNTIME140_NULL_THUNK_DATA 000000018000e0e0     vcruntime:VCRUNTIME140.dll
 0002:000000e8       __imp_malloc               000000018000e0e8     ucrt:api-ms-win-crt-heap-l1-1-0.dll
 0002:000000f0       __imp_free                 000000018000e0f0     ucrt:api-ms-win-crt-heap-l1-1-0.dll
 0002:000000f8       __imp_calloc               000000018000e0f8     ucrt:api-ms-win-crt-heap-l1-1-0.dll
 0002:00000100       \177api-ms-win-crt-heap-l1-1-0_NULL_THUNK_DATA 000000018000e100     ucrt:api-ms-win-crt-heap-l1-1-0.dll
 0002:00000108       __imp__initterm            000000018000e108     ucrt:api-ms-win-crt-runtime-l1-1-0.dll
 0002:00000110       __imp__initialize_onexit_table 000000018000e110     ucrt:api-ms-win-crt-runtime-l1-1-0.dll
 0002:00000118       __imp__initterm_e          000000018000e118     ucrt:api-ms-win-crt-runtime-l1-1-0.dll
 0002:00000120       __imp__configure_narrow_argv 000000018000e120     ucrt:api-ms-win-crt-runtime-l1-1-0.dll
 0002:00000128       __imp__register_onexit_function 000000018000e128     ucrt:api-ms-win-crt-runtime-l1-1-0.dll
 0002:00000130       __imp__execute_onexit_table 000000018000e130     ucrt:api-ms-win-crt-runtime-l1-1-0.dll
 0002:00000138       __imp__crt_atexit          000000018000e138     ucrt:api-ms-win-crt-runtime-l1-1-0.dll
 0002:00000140       __imp__crt_at_quick_exit   000000018000e140     ucrt:api-ms-win-crt-runtime-l1-1-0.dll
 0002:00000148       __imp__cexit               000000018000e148     ucrt:api-ms-win-crt-runtime-l1-1-0.dll
 0002:00000150       __imp__seh_filter_dll      000000018000e150     ucrt:api-ms-win-crt-runtime-l1-1-0.dll
 0002:00000158       __imp_terminate            000000018000e158     ucrt:api-ms-win-crt-runtime-l1-1-0.dll
 0002:00000160       __imp__initialize_narrow_environment 000000018000e160     ucrt:api-ms-win-crt-runtime-l1-1-0.dll
 0002:00000168       \177api-ms-win-crt-runtime-l1-1-0_NULL_THUNK_DATA 000000018000e168     ucrt:api-ms-win-crt-runtime-l1-1-0.dll
 0002:00000170       __imp___stdio_common_vsprintf 000000018000e170     ucrt:api-ms-win-crt-stdio-l1-1-0.dll
 0002:00000178       \177api-ms-win-crt-stdio-l1-1-0_NULL_THUNK_DATA 000000018000e178     ucrt:api-ms-win-crt-stdio-l1-1-0.dll
 0002:00000180       __imp_strlen               000000018000e180     ucrt:api-ms-win-crt-string-l1-1-0.dll
 0002:00000188       __imp_strcmp               000000018000e188     ucrt:api-ms-win-crt-string-l1-1-0.dll
 0002:00000190       \177api-ms-win-crt-string-l1-1-0_NULL_THUNK_DATA 000000018000e190     ucrt:api-ms-win-crt-string-l1-1-0.dll
 0002:00000198       __imp_mexPrintf_800        000000018000e198     libmex:libmex.dll
 0002:000001a0       __imp_mexWarnMsgTxt_800    000000018000e1a0     libmex:libmex.dll
 0002:000001a8       __imp_mexUnlock_800        000000018000e1a8     libmex:libmex.dll
 0002:000001b0       __imp_mexIsLocked_800      000000018000e1b0     libmex:libmex.dll
 0002:000001b8       __imp_mexCallMATLAB_800    000000018000e1b8     libmex:libmex.dll
 0002:000001c0       \177libmex_NULL_THUNK_DATA 000000018000e1c0     libmex:libmex.dll
 0002:000001c8       __imp_cgxertGetInputPortSignal 000000018000e1c8     libmwcgxert:libmwcgxert.dll
 0002:000001d0       __imp_cgxertSetRuntimeInstance 000000018000e1d0     libmwcgxert:libmwcgxert.dll
 0002:000001d8       __imp_cgxertGetOutputPortSignal 000000018000e1d8     libmwcgxert:libmwcgxert.dll
 0002:000001e0       __imp_cgxertGetEMLRTCtx    000000018000e1e0     libmwcgxert:libmwcgxert.dll
 0002:000001e8       __imp_cgxertSetSimStateCompliance 000000018000e1e8     libmwcgxert:libmwcgxert.dll
 0002:000001f0       __imp_cgxertGetRuntimeInstance 000000018000e1f0     libmwcgxert:libmwcgxert.dll
 0002:000001f8       \177libmwcgxert_NULL_THUNK_DATA 000000018000e1f8     libmwcgxert:libmwcgxert.dll
 0002:00000200       __imp_mxSetField_800       000000018000e200     libmx:libmx.dll
 0002:00000208       __imp_mxCreateNumericMatrix_800 000000018000e208     libmx:libmx.dll
 0002:00000210       __imp_mxCreateDoubleScalar_800 000000018000e210     libmx:libmx.dll
 0002:00000218       __imp_mxGetN_800           000000018000e218     libmx:libmx.dll
 0002:00000220       __imp_mxIsComplex_800      000000018000e220     libmx:libmx.dll
 0002:00000228       __imp_mxIsChar_800         000000018000e228     libmx:libmx.dll
 0002:00000230       __imp_mxIsNumeric_800      000000018000e230     libmx:libmx.dll
 0002:00000238       __imp_mxGetData_800        000000018000e238     libmx:libmx.dll
 0002:00000240       __imp_mxGetClassID_800     000000018000e240     libmx:libmx.dll
 0002:00000248       __imp_mxGetM_800           000000018000e248     libmx:libmx.dll
 0002:00000250       __imp_mxCalloc_800         000000018000e250     libmx:libmx.dll
 0002:00000258       __imp_mxCreateStructMatrix_800 000000018000e258     libmx:libmx.dll
 0002:00000260       __imp_mxCreateCellMatrix_800 000000018000e260     libmx:libmx.dll
 0002:00000268       __imp_mxCreateString_800   000000018000e268     libmx:libmx.dll
 0002:00000270       __imp_mxCreateDoubleMatrix_800 000000018000e270     libmx:libmx.dll
 0002:00000278       __imp_mxSetFieldByNumber_800 000000018000e278     libmx:libmx.dll
 0002:00000280       __imp_mxSetCell_800        000000018000e280     libmx:libmx.dll
 0002:00000288       __imp_mxGetString_800      000000018000e288     libmx:libmx.dll
 0002:00000290       __imp_mxGetPr_800          000000018000e290     libmx:libmx.dll
 0002:00000298       \177libmx_NULL_THUNK_DATA  000000018000e298     libmx:libmx.dll
 0002:000002a0       __guard_check_icall_fptr   000000018000e2a0     MSVCRT:guard_support.obj
 0002:000002a8       __guard_xfg_check_icall_fptr 000000018000e2a8     MSVCRT:guard_support.obj
 0002:000002b0       __guard_dispatch_icall_fptr 000000018000e2b0     MSVCRT:guard_support.obj
 0002:000002b8       __guard_xfg_dispatch_icall_fptr 000000018000e2b8     MSVCRT:guard_support.obj
 0002:000002c0       __guard_xfg_table_dispatch_icall_fptr 000000018000e2c0     MSVCRT:guard_support.obj
 0002:000002c8       __xc_a                     000000018000e2c8     MSVCRT:initializers.obj
 0002:000002d0       __xc_z                     000000018000e2d0     MSVCRT:initializers.obj
 0002:000002d8       __xi_a                     000000018000e2d8     MSVCRT:initializers.obj
 0002:000002e0       __xi_z                     000000018000e2e0     MSVCRT:initializers.obj
 0002:000002e8       __xp_a                     000000018000e2e8     MSVCRT:initializers.obj
 0002:000002f0       __xp_z                     000000018000e2f0     MSVCRT:initializers.obj
 0002:000002f8       __xt_a                     000000018000e2f8     MSVCRT:initializers.obj
 0002:00000300       __xt_z                     000000018000e300     MSVCRT:initializers.obj
 0002:00002518       __real@0000000000000000    0000000180010518     sensorFusion_block_cgxe_registry.obj
 0002:00002520       __real@4010000000000000    0000000180010520     sensorFusion_block_cgxe_registry.obj
 0002:00002528       __real@41602cbca0000000    0000000180010528     sensorFusion_block_cgxe_registry.obj
 0002:00002530       __real@41a0814aaa000000    0000000180010530     sensorFusion_block_cgxe_registry.obj
 0002:00002538       __real@41c30690d5000000    0000000180010538     sensorFusion_block_cgxe_registry.obj
 0002:00002540       __real@41c9b699e7800000    0000000180010540     sensorFusion_block_cgxe_registry.obj
 0002:00002548       __real@41d077f04a400000    0000000180010548     sensorFusion_block_cgxe_registry.obj
 0002:00002550       __real@41d633f6f5000000    0000000180010550     sensorFusion_block_cgxe_registry.obj
 0002:00002558       __real@41d7119a4c000000    0000000180010558     sensorFusion_block_cgxe_registry.obj
 0002:00002560       __real@41d7bfb670800000    0000000180010560     sensorFusion_block_cgxe_registry.obj
 0002:00002568       __real@41d93d1265c00000    0000000180010568     sensorFusion_block_cgxe_registry.obj
 0002:00002570       __real@41de9418c8400000    0000000180010570     sensorFusion_block_cgxe_registry.obj
 0002:00002578       __real@41e134a375a00000    0000000180010578     sensorFusion_block_cgxe_registry.obj
 0002:00002580       __real@41e1e1a736600000    0000000180010580     sensorFusion_block_cgxe_registry.obj
 0002:00002588       __real@41e3fa2a3f000000    0000000180010588     sensorFusion_block_cgxe_registry.obj
 0002:00002590       __real@41e4efd064400000    0000000180010590     sensorFusion_block_cgxe_registry.obj
 0002:00002598       __real@41e670adac000000    0000000180010598     sensorFusion_block_cgxe_registry.obj
 0002:000025a0       __real@41eacf7c0a000000    00000001800105a0     sensorFusion_block_cgxe_registry.obj
 0002:000025a8       __real@41ec7a8f93600000    00000001800105a8     sensorFusion_block_cgxe_registry.obj
 0002:000025b0       __real@bff0000000000000    00000001800105b0     sensorFusion_block_cgxe_registry.obj
 0002:000025c8       _pDefaultRawDllMain        00000001800105c8     MSVCRT:dll_dllmain.obj
 0002:000025c8       _pRawDllMain               00000001800105c8     MSVCRT:dll_dllmain.obj
 0002:000025d0       __xmm@ffffffffffffffffffffffffffffffff 00000001800105d0     MSVCRT:utility.obj
 0002:00002600       _load_config_used          0000000180010600     MSVCRT:loadcfg.obj
 0002:00002780       __CastGuardVftablesStart   0000000180010780     MSVCRT:guard_support.obj
 0002:00002788       __CastGuardVftablesEnd     0000000180010788     MSVCRT:guard_support.obj
 0002:00002790       __volatile_metadata        0000000180010790     <linker-defined>
 0002:00002ab0       __rtc_iaa                  0000000180010ab0     MSVCRT:initsect.obj
 0002:00002ab8       __rtc_izz                  0000000180010ab8     MSVCRT:initsect.obj
 0002:00002ac0       __rtc_taa                  0000000180010ac0     MSVCRT:initsect.obj
 0002:00002ac8       __rtc_tzz                  0000000180010ac8     MSVCRT:initsect.obj
 0002:00003294       __IMPORT_DESCRIPTOR_libmx  0000000180011294     libmx:libmx.dll
 0002:000032a8       __IMPORT_DESCRIPTOR_libmex 00000001800112a8     libmex:libmex.dll
 0002:000032bc       __IMPORT_DESCRIPTOR_libmwcgxert 00000001800112bc     libmwcgxert:libmwcgxert.dll
 0002:000032d0       __IMPORT_DESCRIPTOR_UUHv1SNmCc7CQ4dPO46XC_cclib 00000001800112d0     UUHv1SNmCc7CQ4dPO46XC_cclib:UUHv1SNmCc7CQ4dPO46XC_cclib.dll
 0002:000032e4       __IMPORT_DESCRIPTOR_KERNEL32 00000001800112e4     kernel32:KERNEL32.dll
 0002:000032f8       __IMPORT_DESCRIPTOR_VCRUNTIME140 00000001800112f8     vcruntime:VCRUNTIME140.dll
 0002:0000330c       __IMPORT_DESCRIPTOR_api-ms-win-crt-heap-l1-1-0 000000018001130c     ucrt:api-ms-win-crt-heap-l1-1-0.dll
 0002:00003320       __IMPORT_DESCRIPTOR_api-ms-win-crt-string-l1-1-0 0000000180011320     ucrt:api-ms-win-crt-string-l1-1-0.dll
 0002:00003334       __IMPORT_DESCRIPTOR_api-ms-win-crt-stdio-l1-1-0 0000000180011334     ucrt:api-ms-win-crt-stdio-l1-1-0.dll
 0002:00003348       __IMPORT_DESCRIPTOR_api-ms-win-crt-runtime-l1-1-0 0000000180011348     ucrt:api-ms-win-crt-runtime-l1-1-0.dll
 0002:0000335c       __NULL_IMPORT_DESCRIPTOR   000000018001135c     libmx:libmx.dll
 0003:00000000       DYNAMIC_DIMENSION          0000000180012000     sensorFusion_block_cgxe_registry.obj
 0003:00000040       __security_cookie_complement 0000000180012040     MSVCRT:gs_cookie.obj
 0003:00000048       __security_cookie          0000000180012048     MSVCRT:gs_cookie.obj
 0003:00000050       _fltused                   0000000180012050     MSVCRT:fltused.obj
 0003:00000054       __scrt_native_dllmain_reason 0000000180012054     MSVCRT:utility.obj
 0003:00000058       __isa_available            0000000180012058     MSVCRT:cpu_disp.obj
 0003:0000005c       __isa_enabled              000000018001205c     MSVCRT:cpu_disp.obj
 0003:00000060       __memcpy_nt_iters          0000000180012060     MSVCRT:cpu_disp.obj
 0003:00000068       __memset_nt_iters          0000000180012068     MSVCRT:cpu_disp.obj
 0003:00000070       __scrt_ucrt_dll_is_in_use  0000000180012070     MSVCRT:ucrt_stubs.obj
 0003:00000080       ?_OptionsStorage@?1??__local_stdio_printf_options@@9@4_KA 0000000180012080     sensorFusion_block_cgxe_registry.obj
 0003:00000610       ?__type_info_root_node@@3U__type_info_node@@A 0000000180012610     MSVCRT:tncleanup.obj
 0003:00000620       ?_OptionsStorage@?1??__local_stdio_scanf_options@@9@4_KA 0000000180012620     MSVCRT:default_local_stdio_options.obj
 0003:00000628       __scrt_current_native_startup_state 0000000180012628     MSVCRT:utility.obj
 0003:00000630       __scrt_native_startup_lock 0000000180012630     MSVCRT:utility.obj
 0003:00000670       __scrt_debugger_hook_flag  0000000180012670     MSVCRT:utility_desktop.obj
 0003:00000678       __castguard_check_failure_os_handled_fptr 0000000180012678     MSVCRT:guard_support.obj
 0003:00000680       __favor                    0000000180012680     MSVCRT:cpu_disp.obj
 0003:00000688       __dyn_tls_init_callback    0000000180012688     <common>

 entry point at        0001:0000b760

 Static symbols

 0000:fffec000       _volmd                     0000000180000000     m_ykRtzkq0GdAszoujIhoJ2B.obj
 0000:00000000       .debug$S                   0000000180000000     sensorFusion_block_cgxe.exp
 0000:fffec000       _volmd                     0000000180000000     sensorFusion_block_cgxe_registry.obj
 0000:fffec000       _volmd                     0000000180000000     MSVCRT:cpu_disp.obj
 0002:ffff2000       __guard_ehcont_?dllmain_dispatch@@YAHQEAUHINSTANCE__@@KQEAX@Z 0000000180000000     MSVCRT:dll_dllmain.obj
 0002:ffff2000       __guard_fids_?dllmain_dispatch@@YAHQEAUHINSTANCE__@@KQEAX@Z 0000000180000000     MSVCRT:dll_dllmain.obj
 0000:fffec000       _volmd                     0000000180000000     MSVCRT:gs_report.obj
 0000:fffec000       _volmd                     0000000180000000     MSVCRT:gs_report.obj
 0000:fffec000       _volmd                     0000000180000000     MSVCRT:gs_report.obj
 0002:ffff2000       __guard_fids__             0000000180000000     MSVCRT:guard_support.obj
 0002:ffff2000       __guard_fids__             0000000180000000     MSVCRT:guard_support.obj
 0002:ffff2000       __guard_fids__guard_icall_checks_enforced 0000000180000000     MSVCRT:guard_support.obj
 0000:fffec000       _volmd                     0000000180000000     MSVCRT:guard_support.obj
 0000:fffec000       _volmd                     0000000180000000     MSVCRT:guard_support.obj
 0000:fffec000       _volmd                     0000000180000000     MSVCRT:guard_support.obj
 0000:fffec000       _volmd                     0000000180000000     MSVCRT:guard_support.obj
 0000:fffec000       _volmd                     0000000180000000     MSVCRT:guard_support.obj
 0002:ffff2000       __guard_ehcont___scrt_is_nonwritable_in_current_image 0000000180000000     MSVCRT:utility.obj
 0000:fffec000       _volmd                     0000000180000000     MSVCRT:utility.obj
 0000:fffec000       _volmd                     0000000180000000     MSVCRT:utility.obj
 0000:fffec000       _volmd                     0000000180000000     MSVCRT:utility.obj
 0002:ffff2000       __guard_fids___scrt_set_unhandled_exception_filter 0000000180000000     MSVCRT:utility_desktop.obj
 0000:fffec000       _volmd                     0000000180000000     MSVCRT:utility_desktop.obj
 0000:00000000       .debug$S                   0000000180000000     vcruntime:VCRUNTIME140.dll
 0000:00000000       .debug$S                   0000000180000000     vcruntime:VCRUNTIME140.dll
 0000:00000000       .debug$S                   0000000180000000     vcruntime:VCRUNTIME140.dll
 0000:00000000       .debug$S                   0000000180000000     vcruntime:VCRUNTIME140.dll
 0000:00000000       .debug$S                   0000000180000000     vcruntime:VCRUNTIME140.dll
 0000:00000000       .debug$S                   0000000180000000     vcruntime:VCRUNTIME140.dll
 0000:00000000       .debug$S                   0000000180000000     ucrt:api-ms-win-crt-heap-l1-1-0.dll
 0000:00000000       .debug$S                   0000000180000000     ucrt:api-ms-win-crt-heap-l1-1-0.dll
 0000:00000000       .debug$S                   0000000180000000     ucrt:api-ms-win-crt-heap-l1-1-0.dll
 0000:00000000       .debug$S                   0000000180000000     ucrt:api-ms-win-crt-runtime-l1-1-0.dll
 0000:00000000       .debug$S                   0000000180000000     ucrt:api-ms-win-crt-runtime-l1-1-0.dll
 0000:00000000       .debug$S                   0000000180000000     ucrt:api-ms-win-crt-runtime-l1-1-0.dll
 0000:00000000       .debug$S                   0000000180000000     ucrt:api-ms-win-crt-runtime-l1-1-0.dll
 0000:00000000       .debug$S                   0000000180000000     ucrt:api-ms-win-crt-runtime-l1-1-0.dll
 0000:00000000       .debug$S                   0000000180000000     ucrt:api-ms-win-crt-runtime-l1-1-0.dll
 0000:00000000       .debug$S                   0000000180000000     ucrt:api-ms-win-crt-runtime-l1-1-0.dll
 0000:00000000       .debug$S                   0000000180000000     ucrt:api-ms-win-crt-runtime-l1-1-0.dll
 0000:00000000       .debug$S                   0000000180000000     ucrt:api-ms-win-crt-runtime-l1-1-0.dll
 0000:00000000       .debug$S                   0000000180000000     ucrt:api-ms-win-crt-runtime-l1-1-0.dll
 0000:00000000       .debug$S                   0000000180000000     ucrt:api-ms-win-crt-runtime-l1-1-0.dll
 0000:00000000       .debug$S                   0000000180000000     ucrt:api-ms-win-crt-runtime-l1-1-0.dll
 0000:00000000       .debug$S                   0000000180000000     ucrt:api-ms-win-crt-stdio-l1-1-0.dll
 0000:00000000       .debug$S                   0000000180000000     ucrt:api-ms-win-crt-string-l1-1-0.dll
 0000:00000000       .debug$S                   0000000180000000     ucrt:api-ms-win-crt-string-l1-1-0.dll
 0000:00000000       .debug$S                   0000000180000000     kernel32:KERNEL32.dll
 0000:00000000       .debug$S                   0000000180000000     kernel32:KERNEL32.dll
 0000:00000000       .debug$S                   0000000180000000     kernel32:KERNEL32.dll
 0000:00000000       .debug$S                   0000000180000000     kernel32:KERNEL32.dll
 0000:00000000       .debug$S                   0000000180000000     kernel32:KERNEL32.dll
 0000:00000000       .debug$S                   0000000180000000     kernel32:KERNEL32.dll
 0000:00000000       .debug$S                   0000000180000000     kernel32:KERNEL32.dll
 0000:00000000       .debug$S                   0000000180000000     kernel32:KERNEL32.dll
 0000:00000000       .debug$S                   0000000180000000     kernel32:KERNEL32.dll
 0000:00000000       .debug$S                   0000000180000000     kernel32:KERNEL32.dll
 0000:00000000       .debug$S                   0000000180000000     kernel32:KERNEL32.dll
 0000:00000000       .debug$S                   0000000180000000     kernel32:KERNEL32.dll
 0000:00000000       .debug$S                   0000000180000000     kernel32:KERNEL32.dll
 0000:00000000       .debug$S                   0000000180000000     kernel32:KERNEL32.dll
 0000:00000000       .debug$S                   0000000180000000     kernel32:KERNEL32.dll
 0000:00000000       .debug$S                   0000000180000000     kernel32:KERNEL32.dll
 0000:00000000       .debug$S                   0000000180000000     kernel32:KERNEL32.dll
 0000:00000000       .debug$S                   0000000180000000     libmex:libmex.dll
 0000:00000000       .debug$S                   0000000180000000     libmex:libmex.dll
 0000:00000000       .debug$S                   0000000180000000     libmex:libmex.dll
 0000:00000000       .debug$S                   0000000180000000     libmex:libmex.dll
 0000:00000000       .debug$S                   0000000180000000     libmex:libmex.dll
 0000:00000000       .debug$S                   0000000180000000     libmwcgxert:libmwcgxert.dll
 0000:00000000       .debug$S                   0000000180000000     libmwcgxert:libmwcgxert.dll
 0000:00000000       .debug$S                   0000000180000000     libmwcgxert:libmwcgxert.dll
 0000:00000000       .debug$S                   0000000180000000     libmwcgxert:libmwcgxert.dll
 0000:00000000       .debug$S                   0000000180000000     libmwcgxert:libmwcgxert.dll
 0000:00000000       .debug$S                   0000000180000000     libmwcgxert:libmwcgxert.dll
 0000:00000000       .debug$S                   0000000180000000     libmx:libmx.dll
 0000:00000000       .debug$S                   0000000180000000     libmx:libmx.dll
 0000:00000000       .debug$S                   0000000180000000     libmx:libmx.dll
 0000:00000000       .debug$S                   0000000180000000     libmx:libmx.dll
 0000:00000000       .debug$S                   0000000180000000     libmx:libmx.dll
 0000:00000000       .debug$S                   0000000180000000     libmx:libmx.dll
 0000:00000000       .debug$S                   0000000180000000     libmx:libmx.dll
 0000:00000000       .debug$S                   0000000180000000     libmx:libmx.dll
 0000:00000000       .debug$S                   0000000180000000     libmx:libmx.dll
 0000:00000000       .debug$S                   0000000180000000     libmx:libmx.dll
 0000:00000000       .debug$S                   0000000180000000     libmx:libmx.dll
 0000:00000000       .debug$S                   0000000180000000     libmx:libmx.dll
 0000:00000000       .debug$S                   0000000180000000     libmx:libmx.dll
 0000:00000000       .debug$S                   0000000180000000     libmx:libmx.dll
 0000:00000000       .debug$S                   0000000180000000     libmx:libmx.dll
 0000:00000000       .debug$S                   0000000180000000     libmx:libmx.dll
 0000:00000000       .debug$S                   0000000180000000     libmx:libmx.dll
 0000:00000000       .debug$S                   0000000180000000     libmx:libmx.dll
 0000:00000000       .debug$S                   0000000180000000     libmx:libmx.dll
 0000:00000000       .debug$S                   0000000180000000     UUHv1SNmCc7CQ4dPO46XC_cclib:UUHv1SNmCc7CQ4dPO46XC_cclib.dll
 0000:00000000       .debug$S                   0000000180000000     UUHv1SNmCc7CQ4dPO46XC_cclib:UUHv1SNmCc7CQ4dPO46XC_cclib.dll
 0000:00000000       .debug$S                   0000000180000000     UUHv1SNmCc7CQ4dPO46XC_cclib:UUHv1SNmCc7CQ4dPO46XC_cclib.dll
 0000:fffec010       _volmd                     0000000180000010     sensorFusion_block_cgxe_registry.obj
 0000:fffec020       _volmd                     0000000180000020     sensorFusion_block_cgxe_registry.obj
 0000:fffec030       _volmd                     0000000180000030     sensorFusion_block_cgxe_registry.obj
 0000:fffec040       _volmd                     0000000180000040     sensorFusion_block_cgxe_registry.obj
 0000:fffec050       _volmd                     0000000180000050     sensorFusion_block_cgxe_registry.obj
 0000:fffec060       _volmd                     0000000180000060     sensorFusion_block_cgxe_registry.obj
 0000:fffec070       _volmd                     0000000180000070     sensorFusion_block_cgxe_registry.obj
 0000:fffec080       _volmd                     0000000180000080     sensorFusion_block_cgxe_registry.obj
 0000:fffec090       _volmd                     0000000180000090     sensorFusion_block_cgxe_registry.obj
 0000:fffec0a0       _volmd                     00000001800000a0     sensorFusion_block_cgxe_registry.obj
 0000:fffec0b0       _volmd                     00000001800000b0     sensorFusion_block_cgxe_registry.obj
 0000:fffec0c0       _volmd                     00000001800000c0     sensorFusion_block_cgxe_registry.obj
 0000:fffec0d0       _volmd                     00000001800000d0     sensorFusion_block_cgxe_registry.obj
 0000:fffec0e0       _volmd                     00000001800000e0     sensorFusion_block_cgxe_registry.obj
 0001:00000120       ?cgxe_mdl_start@@YAXPEAUInstanceStruct_ykRtzkq0GdAszoujIhoJ2B@@@Z 0000000180001120 f   m_ykRtzkq0GdAszoujIhoJ2B.obj
 0001:00000150       ?cgxe_mdl_initialize@@YAXPEAUInstanceStruct_ykRtzkq0GdAszoujIhoJ2B@@@Z 0000000180001150 f   m_ykRtzkq0GdAszoujIhoJ2B.obj
 0001:00000160       ?cgxe_mdl_outputs@@YAXPEAUInstanceStruct_ykRtzkq0GdAszoujIhoJ2B@@@Z 0000000180001160 f   m_ykRtzkq0GdAszoujIhoJ2B.obj
 0001:00000fe0       ?cgxe_mdl_update@@YAXPEAUInstanceStruct_ykRtzkq0GdAszoujIhoJ2B@@@Z 0000000180001fe0 f   m_ykRtzkq0GdAszoujIhoJ2B.obj
 0001:00000ff0       ?cgxe_mdl_enable@@YAXPEAUInstanceStruct_ykRtzkq0GdAszoujIhoJ2B@@@Z 0000000180001ff0 f   m_ykRtzkq0GdAszoujIhoJ2B.obj
 0001:00001000       ?cgxe_mdl_disable@@YAXPEAUInstanceStruct_ykRtzkq0GdAszoujIhoJ2B@@@Z 0000000180002000 f   m_ykRtzkq0GdAszoujIhoJ2B.obj
 0001:00001010       ?cgxe_mdl_terminate@@YAXPEAUInstanceStruct_ykRtzkq0GdAszoujIhoJ2B@@@Z 0000000180002010 f   m_ykRtzkq0GdAszoujIhoJ2B.obj
 0001:00001020       ?init_simulink_io_address@@YAXPEAUInstanceStruct_ykRtzkq0GdAszoujIhoJ2B@@@Z 0000000180002020 f   m_ykRtzkq0GdAszoujIhoJ2B.obj
 0001:000011d0       ?mdlOutputs_ykRtzkq0GdAszoujIhoJ2B@@YAXPEAUSimStruct_tag@@H@Z 00000001800021d0 f   m_ykRtzkq0GdAszoujIhoJ2B.obj
 0001:00001210       ?mdlInitialize_ykRtzkq0GdAszoujIhoJ2B@@YAXPEAUSimStruct_tag@@@Z 0000000180002210 f   m_ykRtzkq0GdAszoujIhoJ2B.obj
 0001:00001240       ?mdlUpdate_ykRtzkq0GdAszoujIhoJ2B@@YAXPEAUSimStruct_tag@@H@Z 0000000180002240 f   m_ykRtzkq0GdAszoujIhoJ2B.obj
 0001:00001280       ?mdlTerminate_ykRtzkq0GdAszoujIhoJ2B@@YAXPEAUSimStruct_tag@@@Z 0000000180002280 f   m_ykRtzkq0GdAszoujIhoJ2B.obj
 0001:000012c0       ?mdlEnable_ykRtzkq0GdAszoujIhoJ2B@@YAXPEAUSimStruct_tag@@@Z 00000001800022c0 f   m_ykRtzkq0GdAszoujIhoJ2B.obj
 0001:000012f0       ?mdlDisable_ykRtzkq0GdAszoujIhoJ2B@@YAXPEAUSimStruct_tag@@@Z 00000001800022f0 f   m_ykRtzkq0GdAszoujIhoJ2B.obj
 0001:00001320       ?mdlStart_ykRtzkq0GdAszoujIhoJ2B@@YAXPEAUSimStruct_tag@@@Z 0000000180002320 f   m_ykRtzkq0GdAszoujIhoJ2B.obj
 0001:00001420       ?mdlProcessParameters_ykRtzkq0GdAszoujIhoJ2B@@YAXPEAUSimStruct_tag@@@Z 0000000180002420 f   m_ykRtzkq0GdAszoujIhoJ2B.obj
 0001:0000331c       $LN147                     000000018000431c     sensorFusion_block_cgxe_registry.obj
 0001:000041d4       $LN22                      00000001800051d4     sensorFusion_block_cgxe_registry.obj
 0001:00004e10       $LN77                      0000000180005e10     sensorFusion_block_cgxe_registry.obj
 0001:00005b40       $LN87                      0000000180006b40     sensorFusion_block_cgxe_registry.obj
 0001:00006a04       $LN58                      0000000180007a04     sensorFusion_block_cgxe_registry.obj
 0001:00009360       ?mdlStart@@YAXPEAUSimStruct_tag@@@Z 000000018000a360 f   sensorFusion_block_cgxe_registry.obj
 0001:000093a0       ?mdlInitializeConditions@@YAXPEAUSimStruct_tag@@@Z 000000018000a3a0 f   sensorFusion_block_cgxe_registry.obj
 0001:000093c0       ?mdlUpdate@@YAXPEAUSimStruct_tag@@H@Z 000000018000a3c0 f   sensorFusion_block_cgxe_registry.obj
 0001:000093f0       ?mdlOutputs@@YAXPEAUSimStruct_tag@@H@Z 000000018000a3f0 f   sensorFusion_block_cgxe_registry.obj
 0001:00009420       ?mdlTerminate@@YAXPEAUSimStruct_tag@@@Z 000000018000a420 f   sensorFusion_block_cgxe_registry.obj
 0001:00009440       ?mdlInitializeSizes@@YAXPEAUSimStruct_tag@@@Z 000000018000a440 f   sensorFusion_block_cgxe_registry.obj
 0001:00009450       ?mdlInitializeSampleTimes@@YAXPEAUSimStruct_tag@@@Z 000000018000a450 f   sensorFusion_block_cgxe_registry.obj
 0001:00009460       ?cgxe_get_supported_modules@@YAPEAUmxArray_tag@@XZ 000000018000a460 f   sensorFusion_block_cgxe_registry.obj
 0001:00009530       ?cgxe_process_get_checksums@@YAHHQEAPEAUmxArray_tag@@HQEAPEBU1@@Z 000000018000a530 f   sensorFusion_block_cgxe_registry.obj
 0001:000098c0       ?cgxe_mex_unlock_call@@YAHHQEAPEAUmxArray_tag@@HQEAPEBU1@@Z 000000018000a8c0 f   sensorFusion_block_cgxe_registry.obj
 0001:00009900       ?cgxe_unpack_simstruct@@YAPEAUSimStruct_tag@@PEBUmxArray_tag@@@Z 000000018000a900 f   sensorFusion_block_cgxe_registry.obj
 0001:000099a0       ?cgxe_get_sim_state@@YAHHQEAPEAUmxArray_tag@@HQEAPEBU1@@Z 000000018000a9a0 f   sensorFusion_block_cgxe_registry.obj
 0001:00009a10       ?cgxe_set_sim_state@@YAHHQEAPEAUmxArray_tag@@HQEAPEBU1@@Z 000000018000aa10 f   sensorFusion_block_cgxe_registry.obj
 0001:00009a90       ?cgxe_get_BuildInfoUpdate@@YAHHQEAPEAUmxArray_tag@@HQEAPEBU1@@Z 000000018000aa90 f   sensorFusion_block_cgxe_registry.obj
 0001:00009b60       ?cgxe_get_fallback_info@@YAHHQEAPEAUmxArray_tag@@HQEAPEBU1@@Z 000000018000ab60 f   sensorFusion_block_cgxe_registry.obj
 0001:00009c30       ?ProcessMexSfunctionCmdLineCall@@YAHHQEAPEAUmxArray_tag@@HQEAPEBU1@@Z 000000018000ac30 f   sensorFusion_block_cgxe_registry.obj
 0001:00009e60       ?mdlZeroCrossings@@YAXPEAUSimStruct_tag@@@Z 000000018000ae60 f   sensorFusion_block_cgxe_registry.obj
 0001:00009eb0       ?mdlGetTimeOfNextVarHit@@YAXPEAUSimStruct_tag@@@Z 000000018000aeb0 f   sensorFusion_block_cgxe_registry.obj
 0001:00009f00       ?_RegNumInputPortsCB@@YAHPEAXH@Z 000000018000af00 f   sensorFusion_block_cgxe_registry.obj
 0001:00009f80       ?_RegNumOutputPortsCB@@YAHPEAXH@Z 000000018000af80 f   sensorFusion_block_cgxe_registry.obj
 0001:0000a000       ?_CreateSimStruct@@YAPEAUSimStruct_tag@@HQEAPEBUmxArray_tag@@@Z 000000018000b000 f   sensorFusion_block_cgxe_registry.obj
 0001:0000a230       ?_ProcessMexSfunctionCmdLineCall@@YAXHQEAPEAUmxArray_tag@@HQEAPEBU1@@Z 000000018000b230 f   sensorFusion_block_cgxe_registry.obj
 0001:0000abf0       ?ReportIndexOutOfBoundsError@@YAXPEBDHPEBUSimStruct_tag@@HPEAHH0@Z 000000018000bbf0 f   sensorFusion_block_cgxe_registry.obj
 0001:0000b040       $$000000                   000000018000c040     MSVCRT:amdsecgs.obj
 0001:0000b338       capture_current_context    000000018000c338 f   MSVCRT:gs_report.obj
 0001:0000b3a8       capture_previous_context   000000018000c3a8 f   MSVCRT:gs_report.obj
 0001:0000b41c       ?dllmain_crt_dispatch@@YAHQEAUHINSTANCE__@@KQEAX@Z 000000018000c41c f   MSVCRT:dll_dllmain.obj
 0001:0000b46c       ?dllmain_crt_process_attach@@YAHQEAUHINSTANCE__@@QEAX@Z 000000018000c46c f   MSVCRT:dll_dllmain.obj
 0001:0000b584       ?dllmain_crt_process_detach@@YAH_N@Z 000000018000c584 f   MSVCRT:dll_dllmain.obj
 0001:0000b608       ?dllmain_dispatch@@YAHQEAUHINSTANCE__@@KQEAX@Z 000000018000c608 f   MSVCRT:dll_dllmain.obj
 0001:0000b73c       ?dllmain_raw@@YAHQEAUHINSTANCE__@@KQEAX@Z 000000018000c73c f   MSVCRT:dll_dllmain.obj
 0001:0000b7a0       __get_entropy              000000018000c7a0 f   MSVCRT:gs_support.obj
 0001:0000b930       ?find_pe_section@@YAPEAU_IMAGE_SECTION_HEADER@@QEAE_K@Z 000000018000c930 f   MSVCRT:utility.obj
 0001:0000b984       ?is_potentially_valid_image_base@@YA_NQEAX@Z 000000018000c984 f   MSVCRT:utility.obj
 0001:0000c0d0       __castguard_compat_check   000000018000d0d0 f   MSVCRT:guard_support.obj
 0001:0000c1bc       __castguard_slow_path_compat_check 000000018000d1bc f   MSVCRT:guard_support.obj
 0001:0000c4c0       $$000000                   000000018000d4c0     MSVCRT:guard_dispatch.obj
 0001:0000c4e0       $$000000                   000000018000d4e0     MSVCRT:guard_xfg_dispatch.obj
 0001:0000c4f6       ?fin$0@?0??dllmain_crt_process_attach@@YAHQEAUHINSTANCE__@@QEAX@Z@4HA 000000018000d4f6 f   MSVCRT:dll_dllmain.obj
 0001:0000c50d       ?fin$0@?0??dllmain_crt_process_detach@@YAH_N@Z@4HA 000000018000d50d f   MSVCRT:dll_dllmain.obj
 0001:0000c526       ?fin$1@?0??dllmain_crt_process_detach@@YAH_N@Z@4HA 000000018000d526 f   MSVCRT:dll_dllmain.obj
 0001:0000c53a       ?filt$0@?0??dllmain_dispatch@@YAHQEAUHINSTANCE__@@KQEAX@Z@4HA 000000018000d53a f   MSVCRT:dll_dllmain.obj
 0001:0000c570       __scrt_is_nonwritable_in_current_image$filt$0 000000018000d570 f   MSVCRT:utility.obj
 0002:00000310       $SG18226                   000000018000e310     m_ykRtzkq0GdAszoujIhoJ2B.obj
 0002:00000320       $SG18227                   000000018000e320     m_ykRtzkq0GdAszoujIhoJ2B.obj
 0002:00000338       $SG18228                   000000018000e338     m_ykRtzkq0GdAszoujIhoJ2B.obj
 0002:00000350       $SG18229                   000000018000e350     m_ykRtzkq0GdAszoujIhoJ2B.obj
 0002:00000370       $SG17517                   000000018000e370     sensorFusion_block_cgxe_registry.obj
 0002:000003a0       $SG17521                   000000018000e3a0     sensorFusion_block_cgxe_registry.obj
 0002:000003e0       $SG17526                   000000018000e3e0     sensorFusion_block_cgxe_registry.obj
 0002:00000414       $SG17570                   000000018000e414     sensorFusion_block_cgxe_registry.obj
 0002:0000041c       $SG17572                   000000018000e41c     sensorFusion_block_cgxe_registry.obj
 0002:00000424       $SG19201                   000000018000e424     sensorFusion_block_cgxe_registry.obj
 0002:00000428       $SG17531                   000000018000e428     sensorFusion_block_cgxe_registry.obj
 0002:0000045c       $SG17577                   000000018000e45c     sensorFusion_block_cgxe_registry.obj
 0002:00000464       $SG19253                   000000018000e464     sensorFusion_block_cgxe_registry.obj
 0002:00000468       $SG17535                   000000018000e468     sensorFusion_block_cgxe_registry.obj
 0002:0000049c       $SG19291                   000000018000e49c     sensorFusion_block_cgxe_registry.obj
 0002:000004a0       $SG17569                   000000018000e4a0     sensorFusion_block_cgxe_registry.obj
 0002:000004a8       $SG17571                   000000018000e4a8     sensorFusion_block_cgxe_registry.obj
 0002:000004b4       $SG17575                   000000018000e4b4     sensorFusion_block_cgxe_registry.obj
 0002:000004c0       $SG17573                   000000018000e4c0     sensorFusion_block_cgxe_registry.obj
 0002:000004c8       $SG17574                   000000018000e4c8     sensorFusion_block_cgxe_registry.obj
 0002:000004d0       $SG17576                   000000018000e4d0     sensorFusion_block_cgxe_registry.obj
 0002:000004e0       $SG17578                   000000018000e4e0     sensorFusion_block_cgxe_registry.obj
 0002:000004e8       $SG17614                   000000018000e4e8     sensorFusion_block_cgxe_registry.obj
 0002:00000518       $SG17625                   000000018000e518     sensorFusion_block_cgxe_registry.obj
 0002:00000548       $SG17639                   000000018000e548     sensorFusion_block_cgxe_registry.obj
 0002:00000560       $SG17653                   000000018000e560     sensorFusion_block_cgxe_registry.obj
 0002:00000578       $SG17667                   000000018000e578     sensorFusion_block_cgxe_registry.obj
 0002:00000588       $SG17669                   000000018000e588     sensorFusion_block_cgxe_registry.obj
 0002:00000598       $SG17671                   000000018000e598     sensorFusion_block_cgxe_registry.obj
 0002:000005a8       $SG17673                   000000018000e5a8     sensorFusion_block_cgxe_registry.obj
 0002:000005b8       $SG17675                   000000018000e5b8     sensorFusion_block_cgxe_registry.obj
 0002:000005d0       $SG17677                   000000018000e5d0     sensorFusion_block_cgxe_registry.obj
 0002:000005e8       $SG17689                   000000018000e5e8     sensorFusion_block_cgxe_registry.obj
 0002:00000610       ?DYNAMIC_DIMENSION_DEF@@3UDimsInfo_tag@@B 000000018000e610     sensorFusion_block_cgxe_registry.obj
 0002:00000628       $SG18020                   000000018000e628     sensorFusion_block_cgxe_registry.obj
 0002:00000640       $SG17704                   000000018000e640     sensorFusion_block_cgxe_registry.obj
 0002:000006b8       $SG18021                   000000018000e6b8     sensorFusion_block_cgxe_registry.obj
 0002:000006d0       $SG17708                   000000018000e6d0     sensorFusion_block_cgxe_registry.obj
 0002:00000748       $SG18031                   000000018000e748     sensorFusion_block_cgxe_registry.obj
 0002:00000758       $SG18158                   000000018000e758     sensorFusion_block_cgxe_registry.obj
 0002:00000798       $SG18159                   000000018000e798     sensorFusion_block_cgxe_registry.obj
 0002:000007a8       $SG18160                   000000018000e7a8     sensorFusion_block_cgxe_registry.obj
 0002:000007b0       $SG18164                   000000018000e7b0     sensorFusion_block_cgxe_registry.obj
 0002:000007f8       $SG18165                   000000018000e7f8     sensorFusion_block_cgxe_registry.obj
 0002:00000808       $SG18166                   000000018000e808     sensorFusion_block_cgxe_registry.obj
 0002:00000810       $SG18167                   000000018000e810     sensorFusion_block_cgxe_registry.obj
 0002:00000868       $SG18168                   000000018000e868     sensorFusion_block_cgxe_registry.obj
 0002:00000878       $SG18169                   000000018000e878     sensorFusion_block_cgxe_registry.obj
 0002:00000880       $SG18183                   000000018000e880     sensorFusion_block_cgxe_registry.obj
 0002:000008c0       $SG18184                   000000018000e8c0     sensorFusion_block_cgxe_registry.obj
 0002:000008d0       $SG18185                   000000018000e8d0     sensorFusion_block_cgxe_registry.obj
 0002:000008d8       $SG18191                   000000018000e8d8     sensorFusion_block_cgxe_registry.obj
 0002:000008e0       $SG18189                   000000018000e8e0     sensorFusion_block_cgxe_registry.obj
 0002:00000928       $SG18190                   000000018000e928     sensorFusion_block_cgxe_registry.obj
 0002:00000938       $SG18194                   000000018000e938     sensorFusion_block_cgxe_registry.obj
 0002:00000940       $SG18192                   000000018000e940     sensorFusion_block_cgxe_registry.obj
 0002:00000998       $SG18193                   000000018000e998     sensorFusion_block_cgxe_registry.obj
 0002:000009a8       $SG18213                   000000018000e9a8     sensorFusion_block_cgxe_registry.obj
 0002:000009b0       $SG18211                   000000018000e9b0     sensorFusion_block_cgxe_registry.obj
 0002:00000a00       $SG18212                   000000018000ea00     sensorFusion_block_cgxe_registry.obj
 0002:00000a10       $SG18221                   000000018000ea10     sensorFusion_block_cgxe_registry.obj
 0002:00000a70       $SG18222                   000000018000ea70     sensorFusion_block_cgxe_registry.obj
 0002:00000a78       $SG18223                   000000018000ea78     sensorFusion_block_cgxe_registry.obj
 0002:00000a80       $SG18231                   000000018000ea80     sensorFusion_block_cgxe_registry.obj
 0002:00000ae0       $SG18232                   000000018000eae0     sensorFusion_block_cgxe_registry.obj
 0002:00000ae8       $SG18233                   000000018000eae8     sensorFusion_block_cgxe_registry.obj
 0002:00000af0       $SG18526                   000000018000eaf0     sensorFusion_block_cgxe_registry.obj
 0002:00000b68       $SG19182                   000000018000eb68     sensorFusion_block_cgxe_registry.obj
 0002:00000b80       $SG18530                   000000018000eb80     sensorFusion_block_cgxe_registry.obj
 0002:00000bf4       $SG19257                   000000018000ebf4     sensorFusion_block_cgxe_registry.obj
 0002:00000c00       $SG18536                   000000018000ec00     sensorFusion_block_cgxe_registry.obj
 0002:00000c78       $SG19258                   000000018000ec78     sensorFusion_block_cgxe_registry.obj
 0002:00000c80       $SG18545                   000000018000ec80     sensorFusion_block_cgxe_registry.obj
 0002:00000cf0       $SG18846                   000000018000ecf0     sensorFusion_block_cgxe_registry.obj
 0002:00000d68       $SG19259                   000000018000ed68     sensorFusion_block_cgxe_registry.obj
 0002:00000d70       $SG18852                   000000018000ed70     sensorFusion_block_cgxe_registry.obj
 0002:00000de8       $SG19267                   000000018000ede8     sensorFusion_block_cgxe_registry.obj
 0002:00000df0       $SG19196                   000000018000edf0     sensorFusion_block_cgxe_registry.obj
 0002:00000e68       $SG19270                   000000018000ee68     sensorFusion_block_cgxe_registry.obj
 0002:00000e70       $SG19260                   000000018000ee70     sensorFusion_block_cgxe_registry.obj
 0002:00000ee8       $SG19273                   000000018000eee8     sensorFusion_block_cgxe_registry.obj
 0002:00000ef0       $SG19263                   000000018000eef0     sensorFusion_block_cgxe_registry.obj
 0002:00000f70       $SG19274                   000000018000ef70     sensorFusion_block_cgxe_registry.obj
 0002:00000ff0       $SG19276                   000000018000eff0     sensorFusion_block_cgxe_registry.obj
 0002:00001000       $SG19279                   000000018000f000     sensorFusion_block_cgxe_registry.obj
 0002:0000100c       $SG19282                   000000018000f00c     sensorFusion_block_cgxe_registry.obj
 0002:00001014       $SG19285                   000000018000f014     sensorFusion_block_cgxe_registry.obj
 0002:00001020       $SG19288                   000000018000f020     sensorFusion_block_cgxe_registry.obj
 0002:00001030       $SG19295                   000000018000f030     sensorFusion_block_cgxe_registry.obj
 0002:00001118       $SG19388                   000000018000f118     sensorFusion_block_cgxe_registry.obj
 0002:00001148       $SG19389                   000000018000f148     sensorFusion_block_cgxe_registry.obj
 0002:00001158       $SG19390                   000000018000f158     sensorFusion_block_cgxe_registry.obj
 0002:00001160       $SG19392                   000000018000f160     sensorFusion_block_cgxe_registry.obj
 0002:00001198       $SG19393                   000000018000f198     sensorFusion_block_cgxe_registry.obj
 0002:000011a8       $SG19394                   000000018000f1a8     sensorFusion_block_cgxe_registry.obj
 0002:000011b0       $SG19397                   000000018000f1b0     sensorFusion_block_cgxe_registry.obj
 0002:000011e8       $SG19398                   000000018000f1e8     sensorFusion_block_cgxe_registry.obj
 0002:000011f8       $SG19399                   000000018000f1f8     sensorFusion_block_cgxe_registry.obj
 0002:00001200       $SG19401                   000000018000f200     sensorFusion_block_cgxe_registry.obj
 0002:00001238       $SG19402                   000000018000f238     sensorFusion_block_cgxe_registry.obj
 0002:00001248       $SG19403                   000000018000f248     sensorFusion_block_cgxe_registry.obj
 0002:00001250       $SG19405                   000000018000f250     sensorFusion_block_cgxe_registry.obj
 0002:00001288       $SG19406                   000000018000f288     sensorFusion_block_cgxe_registry.obj
 0002:00001298       $SG19407                   000000018000f298     sensorFusion_block_cgxe_registry.obj
 0002:000012a0       $SG19410                   000000018000f2a0     sensorFusion_block_cgxe_registry.obj
 0002:000012b8       $SG19412                   000000018000f2b8     sensorFusion_block_cgxe_registry.obj
 0002:000012d0       $SG19413                   000000018000f2d0     sensorFusion_block_cgxe_registry.obj
 0002:00001308       $SG19414                   000000018000f308     sensorFusion_block_cgxe_registry.obj
 0002:00001318       $SG19415                   000000018000f318     sensorFusion_block_cgxe_registry.obj
 0002:00001320       $SG19519                   000000018000f320     sensorFusion_block_cgxe_registry.obj
 0002:00001340       $SG19520                   000000018000f340     sensorFusion_block_cgxe_registry.obj
 0002:000013d0       $SG19526                   000000018000f3d0     sensorFusion_block_cgxe_registry.obj
 0002:000013e8       $SG19533                   000000018000f3e8     sensorFusion_block_cgxe_registry.obj
 0002:00001400       $SG19527                   000000018000f400     sensorFusion_block_cgxe_registry.obj
 0002:00001490       $SG19534                   000000018000f490     sensorFusion_block_cgxe_registry.obj
 0002:00001520       $SG19540                   000000018000f520     sensorFusion_block_cgxe_registry.obj
 0002:00001540       $SG19541                   000000018000f540     sensorFusion_block_cgxe_registry.obj
 0002:000015d0       $SG19547                   000000018000f5d0     sensorFusion_block_cgxe_registry.obj
 0002:000015f0       $SG19548                   000000018000f5f0     sensorFusion_block_cgxe_registry.obj
 0002:00001680       $SG19552                   000000018000f680     sensorFusion_block_cgxe_registry.obj
 0002:000016a0       $SG19553                   000000018000f6a0     sensorFusion_block_cgxe_registry.obj
 0002:00001730       $SG19557                   000000018000f730     sensorFusion_block_cgxe_registry.obj
 0002:00001758       $SG19562                   000000018000f758     sensorFusion_block_cgxe_registry.obj
 0002:00001780       $SG19558                   000000018000f780     sensorFusion_block_cgxe_registry.obj
 0002:00001810       $SG19563                   000000018000f810     sensorFusion_block_cgxe_registry.obj
 0002:000018a0       $SG19567                   000000018000f8a0     sensorFusion_block_cgxe_registry.obj
 0002:000018c0       $SG19568                   000000018000f8c0     sensorFusion_block_cgxe_registry.obj
 0002:00001950       $SG19572                   000000018000f950     sensorFusion_block_cgxe_registry.obj
 0002:00001970       $SG19573                   000000018000f970     sensorFusion_block_cgxe_registry.obj
 0002:00001a00       $SG19577                   000000018000fa00     sensorFusion_block_cgxe_registry.obj
 0002:00001a18       $SG19613                   000000018000fa18     sensorFusion_block_cgxe_registry.obj
 0002:00001a30       $SG19578                   000000018000fa30     sensorFusion_block_cgxe_registry.obj
 0002:00001ac0       $SG19582                   000000018000fac0     sensorFusion_block_cgxe_registry.obj
 0002:00001ae0       $SG19583                   000000018000fae0     sensorFusion_block_cgxe_registry.obj
 0002:00001b70       $SG19587                   000000018000fb70     sensorFusion_block_cgxe_registry.obj
 0002:00001b90       $SG19588                   000000018000fb90     sensorFusion_block_cgxe_registry.obj
 0002:00001c20       $SG19592                   000000018000fc20     sensorFusion_block_cgxe_registry.obj
 0002:00001c40       $SG19593                   000000018000fc40     sensorFusion_block_cgxe_registry.obj
 0002:00001cd0       $SG19597                   000000018000fcd0     sensorFusion_block_cgxe_registry.obj
[...]
 0002:00002bcc       $unwind$_ssGetInputPortSignalPtrsFcn 0000000180010bcc     sensorFusion_block_cgxe_registry.obj
 0002:00002be0       $unwind$ssGetParameterTuningCompliance 0000000180010be0     sensorFusion_block_cgxe_registry.obj
 0002:00002be8       $unwind$_ssReadInputStringFcn 0000000180010be8     sensorFusion_block_cgxe_registry.obj
 0002:00002bf0       $unwind$ssGetDTypeIdFromMxArray 0000000180010bf0     sensorFusion_block_cgxe_registry.obj
 0002:00002bf8       $unwind$ssWriteRTWMx2dMatParam 0000000180010bf8     sensorFusion_block_cgxe_registry.obj
 0002:00002c00       $unwind$ssWriteRTWMxVectParam 0000000180010c00     sensorFusion_block_cgxe_registry.obj
 0002:00002c08       $unwind$ssWriteRTWParameters 0000000180010c08     sensorFusion_block_cgxe_registry.obj
 0002:00002c10       $unwind$ssWriteRTWParamSettings 0000000180010c10     sensorFusion_block_cgxe_registry.obj
 0002:00002c18       $unwind$ssWriteRTWStr      0000000180010c18     sensorFusion_block_cgxe_registry.obj
 0002:00002c20       $unwind$ssWriteRTWWorkVect 0000000180010c20     sensorFusion_block_cgxe_registry.obj
 0002:00002c34       $unwind$ssWarning          0000000180010c34     sensorFusion_block_cgxe_registry.obj
 0002:00002c48       $unwind$ssWriteRTWNameValuePair 0000000180010c48     sensorFusion_block_cgxe_registry.obj
 0002:00002c50       $unwind$_ssSetInputPortMatrixDimensions 0000000180010c50     sensorFusion_block_cgxe_registry.obj
 0002:00002c5c       $unwind$_ssSetOutputPortMatrixDimensions 0000000180010c5c     sensorFusion_block_cgxe_registry.obj
 0002:00002c68       $unwind$_ssSetInputPortVectorDimension 0000000180010c68     sensorFusion_block_cgxe_registry.obj
 0002:00002c74       $unwind$_ssSetOutputPortVectorDimension 0000000180010c74     sensorFusion_block_cgxe_registry.obj
 0002:00002c80       $unwind$ssIsRunTimeParamTunable 0000000180010c80     sensorFusion_block_cgxe_registry.obj
 0002:00002c88       $unwind$ssGetSFuncBlockHandle 0000000180010c88     sensorFusion_block_cgxe_registry.obj
 0002:00002c90       $unwind$_ssGetCallSystemNumFcnCallDestinations 0000000180010c90     sensorFusion_block_cgxe_registry.obj
 0002:00002c98       $unwind$_ssGetCurrentInputPortWidth 0000000180010c98     sensorFusion_block_cgxe_registry.obj
 0002:00002ca0       $unwind$_ssGetCurrentOutputPortWidth 0000000180010ca0     sensorFusion_block_cgxe_registry.obj
 0002:00002ca8       $unwind$ssGetIsZeroCrossControlDisabled 0000000180010ca8     sensorFusion_block_cgxe_registry.obj
 0002:00002cb0       $unwind$ssSetIsInputPortUsedForContZcSignal 0000000180010cb0     sensorFusion_block_cgxe_registry.obj
 0002:00002cb8       $unwind$ssSetZcSignalIsZcElementDisc 0000000180010cb8     sensorFusion_block_cgxe_registry.obj
 0002:00002cc8       $unwind$ssSetZcSignalName  0000000180010cc8     sensorFusion_block_cgxe_registry.obj
 0002:00002cd0       $unwind$ssSetZcSignalWidth 0000000180010cd0     sensorFusion_block_cgxe_registry.obj
 0002:00002cd8       $unwind$ssSetZcSignalZcEventType 0000000180010cd8     sensorFusion_block_cgxe_registry.obj
 0002:00002ce0       $unwind$ssSetZcSignalType  0000000180010ce0     sensorFusion_block_cgxe_registry.obj
 0002:00002ce8       $unwind$ssSetZcSignalZcTol 0000000180010ce8     sensorFusion_block_cgxe_registry.obj
 0002:00002cf0       $unwind$ssSetZcSignalNeedsEventNotification 0000000180010cf0     sensorFusion_block_cgxe_registry.obj
 0002:00002cf8       $unwind$ssCreateAndAddZcSignalInfo 0000000180010cf8     sensorFusion_block_cgxe_registry.obj
 0002:00002d00       $unwind$ssCloneAndAddZcSignalInfo 0000000180010d00     sensorFusion_block_cgxe_registry.obj
 0002:00002d08       $unwind$ssGetNumZcSignals  0000000180010d08     sensorFusion_block_cgxe_registry.obj
 0002:00002d10       $unwind$ssGetZcSignalVector 0000000180010d10     sensorFusion_block_cgxe_registry.obj
 0002:00002d18       $unwind$ssGetZcSignalName  0000000180010d18     sensorFusion_block_cgxe_registry.obj
 0002:00002d20       $unwind$ssGetZcSignalWidth 0000000180010d20     sensorFusion_block_cgxe_registry.obj
 0002:00002d28       $unwind$ssGetZcSignalZcEventType 0000000180010d28     sensorFusion_block_cgxe_registry.obj
 0002:00002d30       $unwind$ssGetZcSignalZcEvents 0000000180010d30     sensorFusion_block_cgxe_registry.obj
 0002:00002d38       $unwind$ssGetZcSignalType  0000000180010d38     sensorFusion_block_cgxe_registry.obj
 0002:00002d40       $unwind$ssGetZcSignalZcTol 0000000180010d40     sensorFusion_block_cgxe_registry.obj
 0002:00002d48       $unwind$ssGetZcSignalNeedsEventNotification 0000000180010d48     sensorFusion_block_cgxe_registry.obj
 0002:00002d50       $unwind$ssGetZcSignalIsZcElementDisc 0000000180010d50     sensorFusion_block_cgxe_registry.obj
 0002:00002d60       $unwind$ssGetIsInputPortElementContinuous 0000000180010d60     sensorFusion_block_cgxe_registry.obj
 0002:00002d70       $unwind$_ssGetAbsTol       0000000180010d70     sensorFusion_block_cgxe_registry.obj
 0002:00002d78       $unwind$_ssSetInputPortReusableFcn 0000000180010d78     sensorFusion_block_cgxe_registry.obj
 0002:00002d80       $unwind$_ssSetOutputPortReusableFcn 0000000180010d80     sensorFusion_block_cgxe_registry.obj
 0002:00002d88       $unwind$_ssSetSymbolicDimsSupport 0000000180010d88     sensorFusion_block_cgxe_registry.obj
 0002:00002d90       $unwind$_ssRegisterSymbolicDimsExpr 0000000180010d90     sensorFusion_block_cgxe_registry.obj
 0002:00002d98       $unwind$_ssRegisterSymbolicDimsMATLABExpr 0000000180010d98     sensorFusion_block_cgxe_registry.obj
 0002:00002da0       $unwind$_ssRegisterSymbolicDims 0000000180010da0     sensorFusion_block_cgxe_registry.obj
 0002:00002da8       $unwind$_ssRegisterSymbolicDimsString 0000000180010da8     sensorFusion_block_cgxe_registry.obj
 0002:00002db0       $unwind$_ssRegisterSymbolicDimsIntValue 0000000180010db0     sensorFusion_block_cgxe_registry.obj
 0002:00002db8       $unwind$_ssRegisterSymbolicEqualRelation 0000000180010db8     sensorFusion_block_cgxe_registry.obj
 0002:00002dc0       $unwind$_ssRegisterSymbolicEqualValue 0000000180010dc0     sensorFusion_block_cgxe_registry.obj
 0002:00002dc8       $unwind$_ssAmendLeadingSymbolicDims 0000000180010dc8     sensorFusion_block_cgxe_registry.obj
 0002:00002dd0       $unwind$_ssAmendTrailingSymbolicDims 0000000180010dd0     sensorFusion_block_cgxe_registry.obj
 0002:00002dd8       $unwind$_ssRegisterSymbolicDimsPlus 0000000180010dd8     sensorFusion_block_cgxe_registry.obj
 0002:00002de0       $unwind$_ssRegisterSymbolicDimsMinus 0000000180010de0     sensorFusion_block_cgxe_registry.obj
 0002:00002de8       $unwind$_ssRegisterSymbolicDimsMultiply 0000000180010de8     sensorFusion_block_cgxe_registry.obj
 0002:00002df0       $unwind$_ssRegisterSymbolicDimsDivide 0000000180010df0     sensorFusion_block_cgxe_registry.obj
 0002:00002df8       $unwind$_ssGetNumSymbolicDims 0000000180010df8     sensorFusion_block_cgxe_registry.obj
 0002:00002e00       $unwind$_ssGetSymbolicDim  0000000180010e00     sensorFusion_block_cgxe_registry.obj
 0002:00002e08       $unwind$_ssSetInputPortSymbolicDimsId 0000000180010e08     sensorFusion_block_cgxe_registry.obj
 0002:00002e10       $unwind$_ssGetCompInputPortSymbolicDimsId 0000000180010e10     sensorFusion_block_cgxe_registry.obj
 0002:00002e18       $unwind$_ssSetCompInputPortSymbolicDimsId 0000000180010e18     sensorFusion_block_cgxe_registry.obj
 0002:00002e20       $unwind$_ssSetOutputPortSymbolicDimsId 0000000180010e20     sensorFusion_block_cgxe_registry.obj
 0002:00002e28       $unwind$_ssGetCompOutputPortSymbolicDimsId 0000000180010e28     sensorFusion_block_cgxe_registry.obj
 0002:00002e30       $unwind$_ssSetCompOutputPortSymbolicDimsId 0000000180010e30     sensorFusion_block_cgxe_registry.obj
 0002:00002e38       $unwind$_ssGetDWorkSymbolicDimsId 0000000180010e38     sensorFusion_block_cgxe_registry.obj
 0002:00002e40       $unwind$_ssSetDWorkSymbolicDimsId 0000000180010e40     sensorFusion_block_cgxe_registry.obj
 0002:00002e48       $unwind$_ssGetCompDWorkSymbolicDimsId 0000000180010e48     sensorFusion_block_cgxe_registry.obj
 0002:00002e50       $unwind$_ssSetCompDWorkSymbolicDimsId 0000000180010e50     sensorFusion_block_cgxe_registry.obj
 0002:00002e58       $unwind$_ssCreateSLCGStringBuffer 0000000180010e58     sensorFusion_block_cgxe_registry.obj
 0002:00002e60       $unwind$_ssAddToSLCGStringBuffer 0000000180010e60     sensorFusion_block_cgxe_registry.obj
 0002:00002e68       $unwind$_ssGetPointerContainedData 0000000180010e68     sensorFusion_block_cgxe_registry.obj
 0002:00002e70       $unwind$_ssGetPointerContainedDataWidth 0000000180010e70     sensorFusion_block_cgxe_registry.obj
 0002:00002e78       $unwind$_ssRegisterDynamicArrayDataTypeFcn 0000000180010e78     sensorFusion_block_cgxe_registry.obj
 0002:00002e80       $unwind$_ssGetDynamicArrayContainedDataCurrentWidthFcn 0000000180010e80     sensorFusion_block_cgxe_registry.obj
 0002:00002e88       $unwind$_ssGetDynamicArrayContainedDataFcn 0000000180010e88     sensorFusion_block_cgxe_registry.obj
 0002:00002e90       $unwind$_ssGetInputPortDynamicArrayDataFcn 0000000180010e90     sensorFusion_block_cgxe_registry.obj
 0002:00002e98       $unwind$_ssGetOutputPortDynamicArrayDataFcn 0000000180010e98     sensorFusion_block_cgxe_registry.obj
 0002:00002ea0       $unwind$_ssGetInputPortDynamicArrayContainedDataFcn 0000000180010ea0     sensorFusion_block_cgxe_registry.obj
 0002:00002ea8       $unwind$_ssGetOutputPortDynamicArrayContainedDataFcn 0000000180010ea8     sensorFusion_block_cgxe_registry.obj
 0002:00002eb0       $unwind$?mdlStart@@YAXPEAUSimStruct_tag@@@Z 0000000180010eb0     sensorFusion_block_cgxe_registry.obj
 0002:00002eb8       $unwind$?mdlInitializeConditions@@YAXPEAUSimStruct_tag@@@Z 0000000180010eb8     sensorFusion_block_cgxe_registry.obj
 0002:00002ec0       $unwind$?mdlUpdate@@YAXPEAUSimStruct_tag@@H@Z 0000000180010ec0     sensorFusion_block_cgxe_registry.obj
 0002:00002ec8       $unwind$?mdlOutputs@@YAXPEAUSimStruct_tag@@H@Z 0000000180010ec8     sensorFusion_block_cgxe_registry.obj
 0002:00002ed0       $unwind$?mdlTerminate@@YAXPEAUSimStruct_tag@@@Z 0000000180010ed0     sensorFusion_block_cgxe_registry.obj
 0002:00002ed8       $unwind$?cgxe_get_supported_modules@@YAPEAUmxArray_tag@@XZ 0000000180010ed8     sensorFusion_block_cgxe_registry.obj
 0002:00002ee0       $unwind$?cgxe_process_get_checksums@@YAHHQEAPEAUmxArray_tag@@HQEAPEBU1@@Z 0000000180010ee0     sensorFusion_block_cgxe_registry.obj
 0002:00002ef0       $unwind$?cgxe_mex_unlock_call@@YAHHQEAPEAUmxArray_tag@@HQEAPEBU1@@Z 0000000180010ef0     sensorFusion_block_cgxe_registry.obj
 0002:00002ef8       $unwind$?cgxe_unpack_simstruct@@YAPEAUSimStruct_tag@@PEBUmxArray_tag@@@Z 0000000180010ef8     sensorFusion_block_cgxe_registry.obj
 0002:00002f00       $unwind$?cgxe_get_sim_state@@YAHHQEAPEAUmxArray_tag@@HQEAPEBU1@@Z 0000000180010f00     sensorFusion_block_cgxe_registry.obj
 0002:00002f08       $unwind$?cgxe_set_sim_state@@YAHHQEAPEAUmxArray_tag@@HQEAPEBU1@@Z 0000000180010f08     sensorFusion_block_cgxe_registry.obj
 0002:00002f10       $unwind$?cgxe_get_BuildInfoUpdate@@YAHHQEAPEAUmxArray_tag@@HQEAPEBU1@@Z 0000000180010f10     sensorFusion_block_cgxe_registry.obj
 0002:00002f20       $unwind$?cgxe_get_fallback_info@@YAHHQEAPEAUmxArray_tag@@HQEAPEBU1@@Z 0000000180010f20     sensorFusion_block_cgxe_registry.obj
 0002:00002f30       $unwind$?ProcessMexSfunctionCmdLineCall@@YAHHQEAPEAUmxArray_tag@@HQEAPEBU1@@Z 0000000180010f30     sensorFusion_block_cgxe_registry.obj
 0002:00002f40       $unwind$?_RegNumInputPortsCB@@YAHPEAXH@Z 0000000180010f40     sensorFusion_block_cgxe_registry.obj
 0002:00002f48       $unwind$?_RegNumOutputPortsCB@@YAHPEAXH@Z 0000000180010f48     sensorFusion_block_cgxe_registry.obj
 0002:00002f50       $unwind$?_CreateSimStruct@@YAPEAUSimStruct_tag@@HQEAPEBUmxArray_tag@@@Z 0000000180010f50     sensorFusion_block_cgxe_registry.obj
 0002:00002f58       $unwind$?_ProcessMexSfunctionCmdLineCall@@YAXHQEAPEAUmxArray_tag@@HQEAPEBU1@@Z 0000000180010f58     sensorFusion_block_cgxe_registry.obj
 0002:00002f6c       $unwind$?ReportIndexOutOfBoundsError@@YAXPEBDHPEBUSimStruct_tag@@HPEAHH0@Z 0000000180010f6c     sensorFusion_block_cgxe_registry.obj
 0002:00002f7c       $unwind$__GSHandlerCheckCommon 0000000180010f7c     MSVCRT:gshandler.obj
 0002:00002f84       $unwind$__GSHandlerCheck   0000000180010f84     MSVCRT:gshandler.obj
 0002:00002f90       $xdatasym                  0000000180010f90     MSVCRT:amdsecgs.obj
 0002:00002f94       $unwind$__report_securityfailure 0000000180010f94     MSVCRT:gs_report.obj
 0002:00002f9c       $unwind$__report_securityfailureEx 0000000180010f9c     MSVCRT:gs_report.obj
 0002:00002fa4       $unwind$__report_rangecheckfailure 0000000180010fa4     MSVCRT:gs_report.obj
 0002:00002fac       $unwind$__report_gsfailure 0000000180010fac     MSVCRT:gs_report.obj
 0002:00002fb4       $unwind$capture_current_context 0000000180010fb4     MSVCRT:gs_report.obj
 0002:00002fc0       $unwind$capture_previous_context 0000000180010fc0     MSVCRT:gs_report.obj
 0002:00002fcc       $unwind$__raise_securityfailure 0000000180010fcc     MSVCRT:gs_report.obj
 0002:00002fd4       $unwind$?dllmain_crt_process_attach@@YAHQEAUHINSTANCE__@@QEAX@Z 0000000180010fd4     MSVCRT:dll_dllmain.obj
 0002:00003010       $unwind$?fin$0@?0??dllmain_crt_process_attach@@YAHQEAUHINSTANCE__@@QEAX@Z@4HA 0000000180011010     MSVCRT:dll_dllmain.obj
 0002:00003018       $unwind$?dllmain_crt_process_detach@@YAH_N@Z 0000000180011018     MSVCRT:dll_dllmain.obj
 0002:0000306c       $unwind$?fin$0@?0??dllmain_crt_process_detach@@YAH_N@Z@4HA 000000018001106c     MSVCRT:dll_dllmain.obj
 0002:00003074       $unwind$?fin$1@?0??dllmain_crt_process_detach@@YAH_N@Z@4HA 0000000180011074     MSVCRT:dll_dllmain.obj
 0002:0000307c       $unwind$?dllmain_crt_dispatch@@YAHQEAUHINSTANCE__@@KQEAX@Z 000000018001107c     MSVCRT:dll_dllmain.obj
 0002:00003084       $unwind$?dllmain_dispatch@@YAHQEAUHINSTANCE__@@KQEAX@Z 0000000180011084     MSVCRT:dll_dllmain.obj
 0002:000030ac       $unwind$?filt$0@?0??dllmain_dispatch@@YAHQEAUHINSTANCE__@@KQEAX@Z@4HA 00000001800110ac     MSVCRT:dll_dllmain.obj
 0002:000030b4       $unwind$_DllMainCRTStartup 00000001800110b4     MSVCRT:dll_dllmain.obj
 0002:000030c4       $unwind$__security_init_cookie 00000001800110c4     MSVCRT:gs_support.obj
 0002:000030d0       $unwind$__get_entropy      00000001800110d0     MSVCRT:gs_support.obj
 0002:000030d8       $unwind$DllMain            00000001800110d8     MSVCRT:dll_dllmain_stub.obj
 0002:000030e0       $unwind$__scrt_initialize_default_local_stdio_options 00000001800110e0     MSVCRT:default_local_stdio_options.obj
 0002:000030e8       $unwind$atexit             00000001800110e8     MSVCRT:utility.obj
 0002:000030f0       $unwind$_onexit            00000001800110f0     MSVCRT:utility.obj
 0002:000030f8       $unwind$__scrt_is_nonwritable_in_current_image 00000001800110f8     MSVCRT:utility.obj
 0002:00003118       $unwind$__scrt_is_nonwritable_in_current_image$filt$0 0000000180011118     MSVCRT:utility.obj
 0002:00003120       $unwind$__scrt_acquire_startup_lock 0000000180011120     MSVCRT:utility.obj
 0002:00003128       $unwind$__scrt_release_startup_lock 0000000180011128     MSVCRT:utility.obj
 0002:00003130       $unwind$__scrt_initialize_crt 0000000180011130     MSVCRT:utility.obj
 0002:00003138       $unwind$__scrt_uninitialize_crt 0000000180011138     MSVCRT:utility.obj
 0002:00003140       $unwind$__scrt_initialize_onexit_tables 0000000180011140     MSVCRT:utility.obj
 0002:00003148       $unwind$__scrt_dllmain_exception_filter 0000000180011148     MSVCRT:utility.obj
 0002:0000315c       $unwind$__scrt_dllmain_before_initialize_c 000000018001115c     MSVCRT:utility.obj
 0002:00003164       $unwind$__scrt_dllmain_after_initialize_c 0000000180011164     MSVCRT:utility.obj
 0002:0000316c       $unwind$__scrt_dllmain_uninitialize_c 000000018001116c     MSVCRT:utility.obj
 0002:00003174       $unwind$__scrt_dllmain_uninitialize_critical 0000000180011174     MSVCRT:utility.obj
 0002:0000317c       $unwind$__scrt_dllmain_crt_thread_attach 000000018001117c     MSVCRT:utility.obj
 0002:00003184       $unwind$__scrt_dllmain_crt_thread_detach 0000000180011184     MSVCRT:utility.obj
 0002:0000318c       $unwind$?configure_argv@__scrt_narrow_argv_policy@@SAHXZ 000000018001118c     MSVCRT:utility.obj
 0002:00003194       $unwind$__scrt_get_show_window_mode 0000000180011194     MSVCRT:utility_desktop.obj
 0002:0000319c       $unwind$__scrt_is_managed_app 000000018001119c     MSVCRT:utility_desktop.obj
 0002:000031a4       $unwind$__scrt_fastfail    00000001800111a4     MSVCRT:utility_desktop.obj
 0002:000031b4       $unwind$__scrt_unhandled_exception_filter 00000001800111b4     MSVCRT:utility_desktop.obj
 0002:000031c0       $unwind$_RTC_Initialize    00000001800111c0     MSVCRT:initsect.obj
 0002:000031cc       $unwind$_RTC_Terminate     00000001800111cc     MSVCRT:initsect.obj
 0002:000031d8       $unwind$__castguard_check_failure_os_handled 00000001800111d8     MSVCRT:guard_support.obj
 0002:000031e0       $unwind$__castguard_slow_path_check_os_handled 00000001800111e0     MSVCRT:guard_support.obj
 0002:000031e8       $unwind$__isa_available_init 00000001800111e8     MSVCRT:cpu_disp.obj
 0002:000031f8       $xdatasym                  00000001800111f8     MSVCRT:guard_dispatch.obj
 0002:00003200       $xdatasym                  0000000180011200     MSVCRT:guard_xfg_dispatch.obj
 0002:00003210       .edata                     0000000180011210     sensorFusion_block_cgxe.exp
 0002:00003238       rgpv                       0000000180011238     sensorFusion_block_cgxe.exp
 0002:00003240       rgszName                   0000000180011240     sensorFusion_block_cgxe.exp
 0002:00003248       rgwOrd                     0000000180011248     sensorFusion_block_cgxe.exp
 0002:0000324c       szName                     000000018001124c     sensorFusion_block_cgxe.exp
 0002:0000326b       $N00001                    000000018001126b     sensorFusion_block_cgxe.exp
 0002:00003277       $N00002                    0000000180011277     sensorFusion_block_cgxe.exp
 0002:00003790       .idata$6                   0000000180011790     libmx:libmx.dll
 0002:000037f4       .idata$6                   00000001800117f4     libmex:libmex.dll
 0002:000038a2       .idata$6                   00000001800118a2     libmwcgxert:libmwcgxert.dll
 0002:00003930       .idata$6                   0000000180011930     UUHv1SNmCc7CQ4dPO46XC_cclib:UUHv1SNmCc7CQ4dPO46XC_cclib.dll
 0002:00003adc       .idata$6                   0000000180011adc     kernel32:KERNEL32.dll
 0002:00003b6a       .idata$6                   0000000180011b6a     vcruntime:VCRUNTIME140.dll
 0002:00003cb8       .idata$6                   0000000180011cb8     ucrt:api-ms-win-crt-heap-l1-1-0.dll
 0002:00003cd8       .idata$6                   0000000180011cd8     ucrt:api-ms-win-crt-string-l1-1-0.dll
 0002:00003cfa       .idata$6                   0000000180011cfa     ucrt:api-ms-win-crt-stdio-l1-1-0.dll
 0002:00003d1a       .idata$6                   0000000180011d1a     ucrt:api-ms-win-crt-runtime-l1-1-0.dll
 0003:00000008       ?_sfcnName@@3PADA          0000000180012008     sensorFusion_block_cgxe_registry.obj
 0003:00000090       GS_ExceptionRecord         0000000180012090     MSVCRT:gs_report.obj
 0003:00000130       GS_ContextRecord           0000000180012130     MSVCRT:gs_report.obj
 0003:00000600       ?__proc_attached@@3HA      0000000180012600     MSVCRT:dll_dllmain.obj
 0003:00000638       ?is_initialized_as_dll@@3_NA 0000000180012638     MSVCRT:utility.obj
 0003:00000639       ?module_local_atexit_table_initialized@@3_NA 0000000180012639     MSVCRT:utility.obj
 0003:00000640       ?module_local_atexit_table@@3U_onexit_table_t@@A 0000000180012640     MSVCRT:utility.obj
 0003:00000658       ?module_local_at_quick_exit_table@@3U_onexit_table_t@@A 0000000180012658     MSVCRT:utility.obj
